Archive member included because of file (symbol)

C:\Users\Administrator\AppData\Local\Temp\VMBuilds\STM32_Modbus_controllerV1.0.1_alpha\stm32_genericSTM32F103R\Release/core.a(exc.S.o)
                              (__exc_hardfault)
C:\Users\Administrator\AppData\Local\Temp\VMBuilds\STM32_Modbus_controllerV1.0.1_alpha\stm32_genericSTM32F103R\Release/core.a(isrs.S.o)
                              (__stm32reservedexception7)
C:\Users\Administrator\AppData\Local\Temp\VMBuilds\STM32_Modbus_controllerV1.0.1_alpha\stm32_genericSTM32F103R\Release/core.a(vector_table.S.o)
                              (__stm32_vector_table)
C:\Users\Administrator\AppData\Local\Temp\VMBuilds\STM32_Modbus_controllerV1.0.1_alpha\stm32_genericSTM32F103R\Release/core.a(adc.c.o)
                              C:\Users\Administrator\AppData\Local\Temp\VMBCore\arduino16x\79f59199ad23b1693307dbc53bed82ea\variant\boards.cpp.o (adc_set_sample_rate)
C:\Users\Administrator\AppData\Local\Temp\VMBuilds\STM32_Modbus_controllerV1.0.1_alpha\stm32_genericSTM32F103R\Release/core.a(adc_f1.c.o)
                              C:\Users\Administrator\AppData\Local\Temp\VMBCore\arduino16x\79f59199ad23b1693307dbc53bed82ea\variant\boards.cpp.o (adc_set_prescaler)
C:\Users\Administrator\AppData\Local\Temp\VMBuilds\STM32_Modbus_controllerV1.0.1_alpha\stm32_genericSTM32F103R\Release/core.a(bkp_f1.c.o)
                              STM32_Modbus_controllerV1.0.1_alpha.cpp.o (bkp_init)
C:\Users\Administrator\AppData\Local\Temp\VMBuilds\STM32_Modbus_controllerV1.0.1_alpha\stm32_genericSTM32F103R\Release/core.a(flash.c.o)
                              C:\Users\Administrator\AppData\Local\Temp\VMBCore\arduino16x\79f59199ad23b1693307dbc53bed82ea\variant\boards.cpp.o (flash_set_latency)
C:\Users\Administrator\AppData\Local\Temp\VMBuilds\STM32_Modbus_controllerV1.0.1_alpha\stm32_genericSTM32F103R\Release/core.a(gpio_f1.c.o)
                              C:\Users\Administrator\AppData\Local\Temp\VMBCore\arduino16x\79f59199ad23b1693307dbc53bed82ea\variant\boards_setup.cpp.o (gpio_init_all)
C:\Users\Administrator\AppData\Local\Temp\VMBuilds\STM32_Modbus_controllerV1.0.1_alpha\stm32_genericSTM32F103R\Release/core.a(iwdg.c.o)
                              STM32_Modbus_controllerV1.0.1_alpha.cpp.o (iwdg_init)
C:\Users\Administrator\AppData\Local\Temp\VMBuilds\STM32_Modbus_controllerV1.0.1_alpha\stm32_genericSTM32F103R\Release/core.a(nvic.c.o)
                              C:\Users\Administrator\AppData\Local\Temp\VMBCore\arduino16x\79f59199ad23b1693307dbc53bed82ea\variant\boards.cpp.o (nvic_init)
C:\Users\Administrator\AppData\Local\Temp\VMBuilds\STM32_Modbus_controllerV1.0.1_alpha\stm32_genericSTM32F103R\Release/core.a(rcc.c.o)
                              C:\Users\Administrator\AppData\Local\Temp\VMBCore\arduino16x\79f59199ad23b1693307dbc53bed82ea\variant\boards.cpp.o (rcc_switch_sysclk)
C:\Users\Administrator\AppData\Local\Temp\VMBuilds\STM32_Modbus_controllerV1.0.1_alpha\stm32_genericSTM32F103R\Release/core.a(rcc_f1.c.o)
                              C:\Users\Administrator\AppData\Local\Temp\VMBCore\arduino16x\79f59199ad23b1693307dbc53bed82ea\variant\boards.cpp.o (rcc_configure_pll)
C:\Users\Administrator\AppData\Local\Temp\VMBuilds\STM32_Modbus_controllerV1.0.1_alpha\stm32_genericSTM32F103R\Release/core.a(systick.c.o)
                              C:\Users\Administrator\AppData\Local\Temp\VMBCore\arduino16x\79f59199ad23b1693307dbc53bed82ea\variant\boards.cpp.o (systick_init)
C:\Users\Administrator\AppData\Local\Temp\VMBuilds\STM32_Modbus_controllerV1.0.1_alpha\stm32_genericSTM32F103R\Release/core.a(timer.c.o)
                              C:\Users\Administrator\AppData\Local\Temp\VMBCore\arduino16x\79f59199ad23b1693307dbc53bed82ea\variant\boards.cpp.o (timer_foreach)
C:\Users\Administrator\AppData\Local\Temp\VMBuilds\STM32_Modbus_controllerV1.0.1_alpha\stm32_genericSTM32F103R\Release/core.a(usart_f1.c.o)
                              C:\Users\Administrator\AppData\Local\Temp\VMBCore\arduino16x\79f59199ad23b1693307dbc53bed82ea\variant\board.cpp.o (UART5)
C:\Users\Administrator\AppData\Local\Temp\VMBuilds\STM32_Modbus_controllerV1.0.1_alpha\stm32_genericSTM32F103R\Release/core.a(usart_private.c.o)
                              C:\Users\Administrator\AppData\Local\Temp\VMBuilds\STM32_Modbus_controllerV1.0.1_alpha\stm32_genericSTM32F103R\Release/core.a(usart_f1.c.o) (_usart_clock_freq)
C:\Users\Administrator\AppData\Local\Temp\VMBuilds\STM32_Modbus_controllerV1.0.1_alpha\stm32_genericSTM32F103R\Release/core.a(util.c.o)
                              C:\Users\Administrator\AppData\Local\Temp\VMBuilds\STM32_Modbus_controllerV1.0.1_alpha\stm32_genericSTM32F103R\Release/core.a(exc.S.o) (__error)
C:\Users\Administrator\AppData\Local\Temp\VMBuilds\STM32_Modbus_controllerV1.0.1_alpha\stm32_genericSTM32F103R\Release/core.a(HardwareSerial.cpp.o)
                              STM32_Modbus_controllerV1.0.1_alpha.cpp.o (HardwareSerial::read())
[...]
Memory Configuration

Name             Origin             Length             Attributes
ram              0x20000000         0x0000c000         xrw
rom              0x08000000         0x00040000         xr
*default*        0x00000000         0xffffffff

Linker script and memory map

LOAD c:/users/administrator/appdata/local/arduino15/packages/arduino/tools/arm-none-eabi-gcc/4.8.3-2014q1/bin/../lib/gcc/arm-none-eabi/4.8.3/armv7-m/crti.o
LOAD c:/users/administrator/appdata/local/arduino15/packages/arduino/tools/arm-none-eabi-gcc/4.8.3-2014q1/bin/../lib/gcc/arm-none-eabi/4.8.3/armv7-m/crtbegin.o
LOAD c:/users/administrator/appdata/local/arduino15/packages/arduino/tools/arm-none-eabi-gcc/4.8.3-2014q1/bin/../lib/gcc/arm-none-eabi/4.8.3/../../../../arm-none-eabi/lib/armv7-m/crt0.o
LOAD c:/users/administrator/appdata/local/arduino15/packages/arduino/tools/arm-none-eabi-gcc/4.8.3-2014q1/bin/../lib/gcc/arm-none-eabi/4.8.3/armv7-m\libgcc.a
START GROUP
LOAD STM32_Modbus_controllerV1.0.1_alpha.cpp.o
LOAD User_Clock.c.o
LOAD AT24CXX.cpp.o
LOAD BCD_CON.cpp.o
LOAD Command_Analysis.cpp.o
LOAD fun_periph.cpp.o
LOAD i2c.cpp.o
LOAD LoRa.cpp.o
LOAD Memory.cpp.o
LOAD Modbus.cpp.o
LOAD ModbusSerial.cpp.o
LOAD Private_RTC.cpp.o
LOAD Private_Timer.cpp.o
LOAD public.cpp.o
LOAD receipt.cpp.o
LOAD Security.cpp.o
LOAD Set_coil.cpp.o
LOAD User_CRC8.cpp.o
LOAD RTClock\RTClock.cpp.o
LOAD RTClock\utility\rtc_util.c.o
LOAD C:\Users\Administrator\AppData\Local\Temp\VMBCore\arduino16x\79f59199ad23b1693307dbc53bed82ea\variant\board.cpp.o
LOAD C:\Users\Administrator\AppData\Local\Temp\VMBCore\arduino16x\79f59199ad23b1693307dbc53bed82ea\variant\boards.cpp.o
LOAD C:\Users\Administrator\AppData\Local\Temp\VMBCore\arduino16x\79f59199ad23b1693307dbc53bed82ea\variant\boards_setup.cpp.o
LOAD C:\Users\Administrator\AppData\Local\Temp\VMBCore\arduino16x\79f59199ad23b1693307dbc53bed82ea\variant\start.S.o
LOAD C:\Users\Administrator\AppData\Local\Temp\VMBCore\arduino16x\79f59199ad23b1693307dbc53bed82ea\variant\start_c.c.o
LOAD C:\Users\Administrator\AppData\Local\Temp\VMBCore\arduino16x\79f59199ad23b1693307dbc53bed82ea\variant\syscalls.c.o
LOAD C:\Users\Administrator\AppData\Local\Temp\VMBuilds\STM32_Modbus_controllerV1.0.1_alpha\stm32_genericSTM32F103R\Release/core.a
END GROUP
LOAD c:/users/administrator/appdata/local/arduino15/packages/arduino/tools/arm-none-eabi-gcc/4.8.3-2014q1/bin/../lib/gcc/arm-none-eabi/4.8.3/../../../../arm-none-eabi/lib/armv7-m\libstdc++.a
LOAD c:/users/administrator/appdata/local/arduino15/packages/arduino/tools/arm-none-eabi-gcc/4.8.3-2014q1/bin/../lib/gcc/arm-none-eabi/4.8.3/../../../../arm-none-eabi/lib/armv7-m\libm.a
START GROUP
LOAD c:/users/administrator/appdata/local/arduino15/packages/arduino/tools/arm-none-eabi-gcc/4.8.3-2014q1/bin/../lib/gcc/arm-none-eabi/4.8.3/armv7-m\libgcc.a
LOAD c:/users/administrator/appdata/local/arduino15/packages/arduino/tools/arm-none-eabi-gcc/4.8.3-2014q1/bin/../lib/gcc/arm-none-eabi/4.8.3/../../../../arm-none-eabi/lib/armv7-m\libc.a
END GROUP
LOAD c:/users/administrator/appdata/local/arduino15/packages/arduino/tools/arm-none-eabi-gcc/4.8.3-2014q1/bin/../lib/gcc/arm-none-eabi/4.8.3/armv7-m/crtend.o
LOAD c:/users/administrator/appdata/local/arduino15/packages/arduino/tools/arm-none-eabi-gcc/4.8.3-2014q1/bin/../lib/gcc/arm-none-eabi/4.8.3/armv7-m/crtn.o
START GROUP
LOAD c:/users/administrator/appdata/local/arduino15/packages/arduino/tools/arm-none-eabi-gcc/4.8.3-2014q1/bin/../lib/gcc/arm-none-eabi/4.8.3/armv7-m\libgcc.a
LOAD c:/users/administrator/appdata/local/arduino15/packages/arduino/tools/arm-none-eabi-gcc/4.8.3-2014q1/bin/../lib/gcc/arm-none-eabi/4.8.3/../../../../arm-none-eabi/lib/armv7-m\libc.a
LOAD c:/users/administrator/appdata/local/arduino15/packages/arduino/tools/arm-none-eabi-gcc/4.8.3-2014q1/bin/../lib/gcc/arm-none-eabi/4.8.3/../../../../arm-none-eabi/lib/armv7-m\libm.a
END GROUP
START GROUP
LOAD c:/users/administrator/appdata/local/arduino15/packages/arduino/tools/arm-none-eabi-gcc/4.8.3-2014q1/bin/../lib/gcc/arm-none-eabi/4.8.3/../../../../arm-none-eabi/lib/armv7-m\libnosys.a
END GROUP
                0x2000c000                PROVIDE (__msp_init, (ORIGIN (ram) + 0xc000))
                0x08006238                PROVIDE (__exc_reset, __start__)

.text           0x08000000     0x9d7c
                0x08000000                __text_start__ = .
 *(.stm32.interrupt_vector)
 .stm32.interrupt_vector
                0x08000000      0x130 C:\Users\Administrator\AppData\Local\Temp\VMBuilds\STM32_Modbus_controllerV1.0.1_alpha\stm32_genericSTM32F103R\Release/core.a(vector_table.S.o)
                0x08000000                __stm32_vector_table
 *(.text .text.* .gnu.linkonce.t.*)
 .text          0x08000130       0x54 c:/users/administrator/appdata/local/arduino15/packages/arduino/tools/arm-none-eabi-gcc/4.8.3-2014q1/bin/../lib/gcc/arm-none-eabi/4.8.3/armv7-m/crtbegin.o
 .text._Z21Regular_status_reportv
                0x08000184       0xd8 STM32_Modbus_controllerV1.0.1_alpha.cpp.o
                0x08000184                Regular_status_report()
 .text._Z4loopv
                0x0800025c       0x2c STM32_Modbus_controllerV1.0.1_alpha.cpp.o
                0x0800025c                loop()
 .text.startup._GLOBAL__sub_I_comdata
                0x08000288       0x2c STM32_Modbus_controllerV1.0.1_alpha.cpp.o
 .text._Z22Request_Access_Networkv
                0x080002b4      0x168 STM32_Modbus_controllerV1.0.1_alpha.cpp.o
                0x080002b4                Request_Access_Network()
 .text._Z5setupv
                0x0800041c      0x2ac STM32_Modbus_controllerV1.0.1_alpha.cpp.o
                0x0800041c                setup()
 .text._ZN7AT24Cxx8I2C_InitEv
                0x080006c8        0x4 AT24CXX.cpp.o
                0x080006c8                AT24Cxx::I2C_Init()
 .text._ZN7AT24Cxx19AT24CXX_ReadOneByteEj
                0x080006cc       0x5c AT24CXX.cpp.o
                0x080006cc                AT24Cxx::AT24CXX_ReadOneByte(unsigned int)
 .text._ZN7AT24Cxx20AT24CXX_WriteOneByteEjh
                0x08000728       0x4e AT24CXX.cpp.o
                0x08000728                AT24Cxx::AT24CXX_WriteOneByte(unsigned int, unsigned char)
 *fill*         0x08000776        0x2 
 .text._ZN16Command_Analysis16FrameID_AnalysisEv
                0x08000778       0x5c Command_Analysis.cpp.o
                0x08000778                Command_Analysis::FrameID_Analysis()
 .text._ZN16Command_Analysis11Verify_CRC8Ehh
                0x080007d4       0x28 Command_Analysis.cpp.o
                0x080007d4                Command_Analysis::Verify_CRC8(unsigned char, unsigned char)
 .text._ZN16Command_Analysis21Verify_Device_Type_IDEv
                0x080007fc       0x28 Command_Analysis.cpp.o
                0x080007fc                Command_Analysis::Verify_Device_Type_ID()
 .text._ZN16Command_Analysis20Verify_Mass_CommandsEv
                0x08000824       0x1c Command_Analysis.cpp.o
                0x08000824                Command_Analysis::Verify_Mass_Commands()
 .text._ZN16Command_Analysis18Verify_Area_NumberEv
                0x08000840       0x2c Command_Analysis.cpp.o
                0x08000840                Command_Analysis::Verify_Area_Number()
 .text._ZN16Command_Analysis17Verify_Work_GroupEv
                0x0800086c       0x40 Command_Analysis.cpp.o
                0x0800086c                Command_Analysis::Verify_Work_Group()
 .text._ZN16Command_Analysis21Verify_Frame_ValidityEhhbb
                0x080008ac       0xa4 Command_Analysis.cpp.o
                0x080008ac                Command_Analysis::Verify_Frame_Validity(unsigned char, unsigned char, bool, bool)
 .text._ZN16Command_Analysis24Query_Current_Work_ParamEv
                0x08000950       0x90 Command_Analysis.cpp.o
                0x08000950                Command_Analysis::Query_Current_Work_Param()
 .text._ZN16Command_Analysis16Set_Group_NumberEv
                0x080009e0       0x80 Command_Analysis.cpp.o
                0x080009e0                Command_Analysis::Set_Group_Number()
 .text._ZN16Command_Analysis19Set_SN_Area_ChannelEv
                0x08000a60       0xa4 Command_Analysis.cpp.o
                0x08000a60                Command_Analysis::Set_SN_Area_Channel()
 .text._ZN16Command_Analysis20Detailed_Work_StatusEv
                0x08000b04       0xbc Command_Analysis.cpp.o
                0x08000b04                Command_Analysis::Detailed_Work_Status()
 .text._ZN16Command_Analysis34General_controller_control_commandEv
                0x08000bc0      0x254 Command_Analysis.cpp.o
                0x08000bc0                Command_Analysis::General_controller_control_command()
 .text._ZN16Command_Analysis36R_General_controller_control_commandEv
                0x08000e14       0x9c Command_Analysis.cpp.o
                0x08000e14                Command_Analysis::R_General_controller_control_command()
 .text._ZN16Command_Analysis34Set_General_controller_output_initEv
                0x08000eb0      0x214 Command_Analysis.cpp.o
                0x08000eb0                Command_Analysis::Set_General_controller_output_init()
 .text._ZN16Command_Analysis21Receive_Data_AnalysisEv
                0x080010c4       0x60 Command_Analysis.cpp.o
                0x080010c4                Command_Analysis::Receive_Data_Analysis()
 .text._ZN16Command_Analysis16Receive_LoRa_CmdEv
                0x08001124      0x15c Command_Analysis.cpp.o
                0x08001124                Command_Analysis::Receive_LoRa_Cmd()
 .text._ZN16Some_Peripherals23Peripheral_GPIO_PinmodeEv
                0x08001280      0x146 fun_periph.cpp.o
                0x08001280                Some_Peripherals::Peripheral_GPIO_Pinmode()
 *fill*         0x080013c6        0x2 
 .text._ZN16Some_Peripherals22Peripheral_GPIO_ConfigEv
                0x080013c8       0x78 fun_periph.cpp.o
                0x080013c8                Some_Peripherals::Peripheral_GPIO_Config()
 .text._ZN16Some_Peripherals8Stop_LEDEv
                0x08001440        0xc fun_periph.cpp.o
                0x08001440                Some_Peripherals::Stop_LED()
 .text._ZN16Some_Peripherals9Start_LEDEv
                0x0800144c        0xc fun_periph.cpp.o
                0x0800144c                Some_Peripherals::Start_LED()
 .text._ZN3I2C4InitEv
                0x08001458       0x26 i2c.cpp.o
                0x08001458                I2C::Init()
 .text._ZN3I2C7SDA_OutEv
                0x0800147e        0x8 i2c.cpp.o
                0x0800147e                I2C::SDA_Out()
 .text._ZN3I2C6SDA_InEv
                0x08001486        0x8 i2c.cpp.o
                0x08001486                I2C::SDA_In()
 .text._ZN3I2C5StartEv
                0x0800148e       0x36 i2c.cpp.o
                0x0800148e                I2C::Start()
 .text._ZN3I2C4StopEv
                0x080014c4       0x36 i2c.cpp.o
                0x080014c4                I2C::Stop()
 .text._ZN3I2C3AckEv
                0x080014fa       0x3a i2c.cpp.o
                0x080014fa                I2C::Ack()
 .text._ZN3I2C4NAckEv
                0x08001534       0x3a i2c.cpp.o
                0x08001534                I2C::NAck()
 .text._ZN3I2C8Wait_AckEv
                0x0800156e       0x4e i2c.cpp.o
                0x0800156e                I2C::Wait_Ack()
 .text._ZN3I2C9Send_ByteEh
                0x080015bc       0x4e i2c.cpp.o
                0x080015bc                I2C::Send_Byte(unsigned char)
 .text._ZN3I2C9Read_ByteEh
                0x0800160a       0x54 i2c.cpp.o
                0x0800160a                I2C::Read_Byte(unsigned char)
 .text._ZN4LoRa16LoRa_GPIO_ConfigEv
                0x0800165e       0x46 LoRa.cpp.o
                0x0800165e                LoRa::LoRa_GPIO_Config()
 .text._ZN4LoRa8BaudRateEj
                0x080016a4        0xc LoRa.cpp.o
                0x080016a4                LoRa::BaudRate(unsigned int)
 .text._ZN4LoRa7IsResetEb
                0x080016b0       0x20 LoRa.cpp.o
                0x080016b0                LoRa::IsReset(bool)
 .text._ZN4LoRa13LoRa_ShutdownEv
                0x080016d0       0x40 LoRa.cpp.o
                0x080016d0                LoRa::LoRa_Shutdown()
 .text._ZN4LoRa20Detect_Error_ReceiptEPh
                0x08001710       0x38 LoRa.cpp.o
                0x08001710                LoRa::Detect_Error_Receipt(unsigned char*)
 .text._ZN4LoRa17Detect_OK_ReceiptEPhS0_
                0x08001748       0x1a LoRa.cpp.o
                0x08001748                LoRa::Detect_OK_Receipt(unsigned char*, unsigned char*)
 *fill*         0x08001762        0x2 
 .text._ZN4LoRa7Get_CSQEPhhS0_
                0x08001764      0x1c4 LoRa.cpp.o
                0x08001764                LoRa::Get_CSQ(unsigned char*, unsigned char, unsigned char*)
 .text._ZN4LoRa13Parse_CommandEPhhS0_PS0_
                0x08001928       0x6c LoRa.cpp.o
                0x08001928                LoRa::Parse_Command(unsigned char*, unsigned char, unsigned char*, unsigned char**)
 .text._ZN4LoRa4ModeE9LoRa_Mode
                0x08001994       0x64 LoRa.cpp.o
                0x08001994                LoRa::Mode(LoRa_Mode)
 .text._ZN4LoRa12LoRa_RestartEv
                0x080019f8       0x30 LoRa.cpp.o
                0x080019f8                LoRa::LoRa_Restart()
 .text._ZN4LoRa12AT_Query_CmdEPKcPhS2_
                0x08001a28       0xdc LoRa.cpp.o
                0x08001a28                LoRa::AT_Query_Cmd(char const*, unsigned char*, unsigned char*)
 .text._ZN4LoRa13AT_Config_CmdEPKcS1_Ph
                0x08001b04      0x124 LoRa.cpp.o
                0x08001b04                LoRa::AT_Config_Cmd(char const*, char const*, unsigned char*)
 .text._ZN4LoRa7LoRa_ATEPhbPKcS2_
                0x08001c28       0xb0 LoRa.cpp.o
                0x08001c28                LoRa::LoRa_AT(unsigned char*, bool, char const*, char const*)
 .text._ZN4LoRa10Rewrite_IDEv
                0x08001cd8       0xf8 LoRa.cpp.o
                0x08001cd8                LoRa::Rewrite_ID()
 .text._ZN4LoRa11Param_CheckEPKcS1_b
                0x08001dd0      0x15c LoRa.cpp.o
                0x08001dd0                LoRa::Param_Check(char const*, char const*, bool)
 .text._ZN4LoRa14Parameter_InitEb
                0x08001f2c      0x208 LoRa.cpp.o
                0x08001f2c                LoRa::Parameter_Init(bool)
 .text._Z20EEPROM_Write_Disablev
                0x08002134        0x8 Memory.cpp.o
                0x08002134                EEPROM_Write_Disable()
 .text._Z19EEPROM_Write_Enablev
                0x0800213c        0x8 Memory.cpp.o
                0x0800213c                EEPROM_Write_Enable()
 .text._ZN17EEPROM_Operations18EEPROM_GPIO_ConfigEv
                0x08002144       0x1e Memory.cpp.o
                0x08002144                EEPROM_Operations::EEPROM_GPIO_Config()
 .text._ZN13SN_Operations12Save_SN_CodeEPh
                0x08002162       0x80 Memory.cpp.o
                0x08002162                SN_Operations::Save_SN_Code(unsigned char*)
 .text._ZN13SN_Operations16Save_BKP_SN_CodeEPh
                0x080021e2       0x80 Memory.cpp.o
                0x080021e2                SN_Operations::Save_BKP_SN_Code(unsigned char*)
 .text._ZN13SN_Operations12Read_SN_CodeEPh
                0x08002262       0x58 Memory.cpp.o
                0x08002262                SN_Operations::Read_SN_Code(unsigned char*)
 .text._ZN13SN_Operations16Read_BKP_SN_CodeEPh
                0x080022ba       0x58 Memory.cpp.o
                0x080022ba                SN_Operations::Read_BKP_SN_Code(unsigned char*)
 .text._ZN13SN_Operations16Read_Random_SeedEPh
                0x08002312       0x2a Memory.cpp.o
                0x08002312                SN_Operations::Read_Random_Seed(unsigned char*)
 .text._ZN13SN_Operations18Clear_SN_Save_FlagEv
                0x0800233c       0x34 Memory.cpp.o
                0x0800233c                SN_Operations::Clear_SN_Save_Flag()
 .text._ZN13SN_Operations22Clear_BKP_SN_Save_FlagEv
                0x08002370       0x34 Memory.cpp.o
                0x08002370                SN_Operations::Clear_BKP_SN_Save_Flag()
 .text._ZN13SN_Operations26Set_SN_Access_Network_FlagEv
                0x080023a4       0x36 Memory.cpp.o
                0x080023a4                SN_Operations::Set_SN_Access_Network_Flag()
 .text._ZN13SN_Operations29Verify_SN_Access_Network_FlagEv
                0x080023da       0x12 Memory.cpp.o
                0x080023da                SN_Operations::Verify_SN_Access_Network_Flag()
 .text._ZN13SN_Operations10Self_checkEPh
                0x080023ec       0x8c Memory.cpp.o
                0x080023ec                SN_Operations::Self_check(unsigned char*)
 .text._ZN13SN_Operations17Save_Group_NumberEPh
                0x08002478       0x9c Memory.cpp.o
                0x08002478                SN_Operations::Save_Group_Number(unsigned char*)
 .text._ZN13SN_Operations17Read_Group_NumberEPh
                0x08002514       0x4e Memory.cpp.o
                0x08002514                SN_Operations::Read_Group_Number(unsigned char*)
 .text._ZN13SN_Operations18Check_Group_NumberEv
                0x08002562       0x38 Memory.cpp.o
                0x08002562                SN_Operations::Check_Group_Number()
 .text._ZN13SN_Operations18Clear_Group_NumberEv
                0x0800259a       0x52 Memory.cpp.o
                0x0800259a                SN_Operations::Clear_Group_Number()
 .text._ZN13SN_Operations16Save_Area_NumberEh
                0x080025ec       0x72 Memory.cpp.o
                0x080025ec                SN_Operations::Save_Area_Number(unsigned char)
 .text._ZN13SN_Operations16Read_Area_NumberEv
                0x0800265e        0x6 Memory.cpp.o
                0x0800265e                SN_Operations::Read_Area_Number()
 .text._ZN13SN_Operations17Check_Area_NumberEv
                0x08002664       0x2c Memory.cpp.o
                0x08002664                SN_Operations::Check_Area_Number()
 .text._ZN13SN_Operations17Clear_Area_NumberEv
                0x08002690       0x34 Memory.cpp.o
                0x08002690                SN_Operations::Clear_Area_Number()
 .text._ZN11LoRa_Config21Save_LoRa_Config_FlagEv
                0x080026c4       0x36 Memory.cpp.o
                0x080026c4                LoRa_Config::Save_LoRa_Config_Flag()
 .text._ZN11LoRa_Config23Save_LoRa_Com_Mode_FlagEv
                0x080026fa       0x34 Memory.cpp.o
                0x080026fa                LoRa_Config::Save_LoRa_Com_Mode_Flag()
 *fill*         0x0800272e        0x2 
 .text._ZN11LoRa_Config18Save_LoRa_Com_ModeEh
                0x08002730       0x80 Memory.cpp.o
                0x08002730                LoRa_Config::Save_LoRa_Com_Mode(unsigned char)
 .text._ZN11LoRa_Config18Read_LoRa_Com_ModeEv
                0x080027b0       0x3a Memory.cpp.o
                0x080027b0                LoRa_Config::Read_LoRa_Com_Mode()
 *fill*         0x080027ea        0x2 
 .text._ZN11LoRa_Config14Read_LoRa_AddrEPh
                0x080027ec       0x5c Memory.cpp.o
                0x080027ec                LoRa_Config::Read_LoRa_Addr(unsigned char*)
 .text._ZN11LoRa_Config19Save_LoRa_Addr_FlagEv
                0x08002848       0x22 Memory.cpp.o
                0x08002848                LoRa_Config::Save_LoRa_Addr_Flag()
 .text._ZN11LoRa_Config20Clear_LoRa_Addr_FlagEv
                0x0800286a       0x20 Memory.cpp.o
                0x0800286a                LoRa_Config::Clear_LoRa_Addr_Flag()
 *fill*         0x0800288a        0x2 
 .text._ZN11LoRa_Config14Save_LoRa_AddrEPh
                0x0800288c       0x84 Memory.cpp.o
                0x0800288c                LoRa_Config::Save_LoRa_Addr(unsigned char*)
 .text._ZN11LoRa_Config21Verify_LoRa_Addr_FlagEv
                0x08002910       0x12 Memory.cpp.o
                0x08002910                LoRa_Config::Verify_LoRa_Addr_Flag()
 .text._ZN17Soft_Hard_Vertion21Save_Software_versionEhh
                0x08002922       0x26 Memory.cpp.o
                0x08002922                Soft_Hard_Vertion::Save_Software_version(unsigned char, unsigned char)
 .text._ZN17Soft_Hard_Vertion21Read_hardware_versionEh
                0x08002948        0x4 Memory.cpp.o
                0x08002948                Soft_Hard_Vertion::Read_hardware_version(unsigned char)
 .text._ZN17Soft_Hard_Vertion21Read_Software_versionEh
                0x0800294c        0x4 Memory.cpp.o
                0x0800294c                Soft_Hard_Vertion::Read_Software_version(unsigned char)
 .text._ZN17Soft_Hard_Vertion21Save_hardware_versionEhh
                0x08002950       0x26 Memory.cpp.o
                0x08002950                Soft_Hard_Vertion::Save_hardware_version(unsigned char, unsigned char)
 .text._ZN26ModbusController_InitState19Save_InitState_FlagEv
                0x08002976       0x28 Memory.cpp.o
                0x08002976                ModbusController_InitState::Save_InitState_Flag()
 .text._ZN26ModbusController_InitState19Read_InitState_FlagEv
                0x0800299e       0x12 Memory.cpp.o
                0x0800299e                ModbusController_InitState::Read_InitState_Flag()
 .text._ZN26ModbusController_InitState20Clean_InitState_FlagEv
                0x080029b0       0x28 Memory.cpp.o
                0x080029b0                ModbusController_InitState::Clean_InitState_Flag()
 .text._ZN26ModbusController_InitState17Save_DO_InitStateEPh
                0x080029d8       0x88 Memory.cpp.o
                0x080029d8                ModbusController_InitState::Save_DO_InitState(unsigned char*)
 .text._ZN26ModbusController_InitState17Read_DO_InitStateEv
                0x08002a60       0x34 Memory.cpp.o
                0x08002a60                ModbusController_InitState::Read_DO_InitState()
 .text._ZN26ModbusController_InitState17Save_AO_InitStateEPh
                0x08002a94       0x88 Memory.cpp.o
                0x08002a94                ModbusController_InitState::Save_AO_InitState(unsigned char*)
 .text._ZN26ModbusController_InitState12Save_TimeoutEhh
                0x08002b1c       0x78 Memory.cpp.o
                0x08002b1c                ModbusController_InitState::Save_Timeout(unsigned char, unsigned char)
 .text._ZN26ModbusController_InitState12Read_TimeoutEv
                0x08002b94       0x1a Memory.cpp.o
                0x08002b94                ModbusController_InitState::Read_Timeout()
 *fill*         0x08002bae        0x2 
 .text._ZN26ModbusController_InitState13Clean_TimeoutEv
                0x08002bb0       0x58 Memory.cpp.o
                0x08002bb0                ModbusController_InitState::Clean_Timeout()
 .text._ZN26ModbusController_InitState17Save_E000IntervalEhh
                0x08002c08       0x78 Memory.cpp.o
                0x08002c08                ModbusController_InitState::Save_E000Interval(unsigned char, unsigned char)
 .text._ZN26ModbusController_InitState17Read_E000IntervalEv
                0x08002c80       0x1a Memory.cpp.o
                0x08002c80                ModbusController_InitState::Read_E000Interval()
 *fill*         0x08002c9a        0x2 
 .text._ZN26ModbusController_InitState20Save_E014Auto_reportEhh
                0x08002c9c       0x78 Memory.cpp.o
                0x08002c9c                ModbusController_InitState::Save_E014Auto_report(unsigned char, unsigned char)
 .text._ZN26ModbusController_InitState20Read_E014Auto_reportEv
                0x08002d14       0x1a Memory.cpp.o
                0x08002d14                ModbusController_InitState::Read_E014Auto_report()
 *fill*         0x08002d2e        0x2 
 .text._ZN26ModbusController_InitState17Save_E014IntervalEhh
                0x08002d30       0x78 Memory.cpp.o
                0x08002d30                ModbusController_InitState::Save_E014Interval(unsigned char, unsigned char)
 .text._ZN26ModbusController_InitState17Read_E014IntervalEv
                0x08002da8       0x1a Memory.cpp.o
                0x08002da8                ModbusController_InitState::Read_E014Interval()
 .text._ZN6ModbusC2Ev
                0x08002dc2        0x8 Modbus.cpp.o
                0x08002dc2                Modbus::Modbus()
                0x08002dc2                Modbus::Modbus()
 .text._ZN6Modbus14searchRegisterEj
                0x08002dca       0x10 Modbus.cpp.o
                0x08002dca                Modbus::searchRegister(unsigned int)
 .text._ZN6Modbus6addRegEjj
                0x08002dda       0x26 Modbus.cpp.o
                0x08002dda                Modbus::addReg(unsigned int, unsigned int)
 .text._ZN6Modbus3RegEjj
                0x08002e00       0x10 Modbus.cpp.o
                0x08002e00                Modbus::Reg(unsigned int, unsigned int)
 .text._ZN6Modbus3RegEj
                0x08002e10        0xc Modbus.cpp.o
                0x08002e10                Modbus::Reg(unsigned int)
 .text._ZN6Modbus7addHregEjj
                0x08002e1c        0xa Modbus.cpp.o
                0x08002e1c                Modbus::addHreg(unsigned int, unsigned int)
 .text._ZN6Modbus4HregEjj
                0x08002e26        0xa Modbus.cpp.o
                0x08002e26                Modbus::Hreg(unsigned int, unsigned int)
 .text._ZN6Modbus4HregEj
                0x08002e30        0xa Modbus.cpp.o
                0x08002e30                Modbus::Hreg(unsigned int)
 .text._ZN6Modbus7addCoilEjb
                0x08002e3a       0x12 Modbus.cpp.o
                0x08002e3a                Modbus::addCoil(unsigned int, bool)
 .text._ZN6Modbus7addIstsEjb
                0x08002e4c       0x16 Modbus.cpp.o
                0x08002e4c                Modbus::addIsts(unsigned int, bool)
 .text._ZN6Modbus7addIregEjj
                0x08002e62        0xa Modbus.cpp.o
                0x08002e62                Modbus::addIreg(unsigned int, unsigned int)
 .text._ZN6Modbus4CoilEjb
                0x08002e6c       0x5c Modbus.cpp.o
                0x08002e6c                Modbus::Coil(unsigned int, bool)
 .text._ZN6Modbus4IstsEjb
                0x08002ec8       0x16 Modbus.cpp.o
                0x08002ec8                Modbus::Ists(unsigned int, bool)
 .text._ZN6Modbus4IregEjj
                0x08002ede        0xa Modbus.cpp.o
                0x08002ede                Modbus::Ireg(unsigned int, unsigned int)
 .text._ZN6Modbus4CoilEj
                0x08002ee8       0x12 Modbus.cpp.o
                0x08002ee8                Modbus::Coil(unsigned int)
 .text._ZN6Modbus4IstsEj
                0x08002efa       0x16 Modbus.cpp.o
                0x08002efa                Modbus::Ists(unsigned int)
 .text._ZN6Modbus4IregEj
                0x08002f10        0xa Modbus.cpp.o
                0x08002f10                Modbus::Ireg(unsigned int)
 *fill*         0x08002f1a        0x2 
 .text._ZN6Modbus17exceptionResponseEhh
                0x08002f1c       0x34 Modbus.cpp.o
                0x08002f1c                Modbus::exceptionResponse(unsigned char, unsigned char)
 .text._ZN6Modbus13readRegistersEjj
                0x08002f50       0x7c Modbus.cpp.o
                0x08002f50                Modbus::readRegisters(unsigned int, unsigned int)
 .text._ZN6Modbus19writeSingleRegisterEjj
                0x08002fcc       0x36 Modbus.cpp.o
                0x08002fcc                Modbus::writeSingleRegister(unsigned int, unsigned int)
 .text._ZN6Modbus22writeMultipleRegistersEPhjjh
                0x08003002       0xa8 Modbus.cpp.o
                0x08003002                Modbus::writeMultipleRegisters(unsigned char*, unsigned int, unsigned int, unsigned char)
 .text._ZN6Modbus9readCoilsEjj
                0x080030aa       0xac Modbus.cpp.o
                0x080030aa                Modbus::readCoils(unsigned int, unsigned int)
 *fill*         0x08003156        0x2 
 .text._ZN6Modbus15readInputStatusEjj
                0x08003158       0xc0 Modbus.cpp.o
                0x08003158                Modbus::readInputStatus(unsigned int, unsigned int)
 .text._ZN6Modbus18readInputRegistersEjj
                0x08003218       0x7c Modbus.cpp.o
                0x08003218                Modbus::readInputRegisters(unsigned int, unsigned int)
 .text._ZN6Modbus15writeSingleCoilEjj
                0x08003294       0x88 Modbus.cpp.o
                0x08003294                Modbus::writeSingleCoil(unsigned int, unsigned int)
 .text._ZN6Modbus18writeMultipleCoilsEPhjjh
                0x0800331c      0x1e0 Modbus.cpp.o
                0x0800331c                Modbus::writeMultipleCoils(unsigned char*, unsigned int, unsigned int, unsigned char)
 .text._ZN6Modbus10receivePDUEPh
                0x080034fc      0x17c Modbus.cpp.o
                0x080034fc                Modbus::receivePDU(unsigned char*)
 .text._ZN12ModbusSerialC2Ev
                0x08003678        0xc ModbusSerial.cpp.o
                0x08003678                ModbusSerial::ModbusSerial()
                0x08003678                ModbusSerial::ModbusSerial()
 .text._ZN12ModbusSerial10setSlaveIdEh
                0x08003684        0x8 ModbusSerial.cpp.o
                0x08003684                ModbusSerial::setSlaveId(unsigned char)
 .text._ZN12ModbusSerial6configEP14HardwareSeriallji
                0x0800368c       0x64 ModbusSerial.cpp.o
                0x0800368c                ModbusSerial::config(HardwareSerial*, long, unsigned int, int)
 .text._ZN12ModbusSerial4sendEPh
                0x080036f0       0xa4 ModbusSerial.cpp.o
                0x080036f0                ModbusSerial::send(unsigned char*)
 .text._ZN12ModbusSerial7calcCrcEhPhh
                0x08003794       0x3c ModbusSerial.cpp.o
                0x08003794                ModbusSerial::calcCrc(unsigned char, unsigned char*, unsigned char)
 .text._ZN12ModbusSerial7receiveEPh
                0x080037d0       0x74 ModbusSerial.cpp.o
                0x080037d0                ModbusSerial::receive(unsigned char*)
 .text._ZN12ModbusSerial7sendPDUEPh
                0x08003844       0x90 ModbusSerial.cpp.o
                0x08003844                ModbusSerial::sendPDU(unsigned char*)
 .text._ZN12ModbusSerial4taskEPhi
                0x080038d4       0x9c ModbusSerial.cpp.o
                0x080038d4                ModbusSerial::task(unsigned char*, int)
 .text.startup._GLOBAL__sub_I_Date
                0x08003970        0xc Private_RTC.cpp.o
 .text._Z16Timer3_Interruptv
                0x0800397c       0x24 Private_Timer.cpp.o
                0x0800397c                Timer3_Interrupt()
 .text._Z16Timer2_Interruptv
                0x080039a0       0x48 Private_Timer.cpp.o
                0x080039a0                Timer2_Interrupt()
 .text._Z36Realtime_Status_Reporting_Timer_Initv
                0x080039e8       0x30 Private_Timer.cpp.o
                0x080039e8                Realtime_Status_Reporting_Timer_Init()
 .text._Z31Self_Check_Parameter_Timer_Initv
                0x08003a18       0x30 Private_Timer.cpp.o
                0x08003a18                Self_Check_Parameter_Timer_Init()
 .text._Z26Start_Status_Report_Timingv
                0x08003a48       0x1c Private_Timer.cpp.o
                0x08003a48                Start_Status_Report_Timing()
 .text._Z23Start_Self_Check_Timingv
                0x08003a64       0x1c Private_Timer.cpp.o
                0x08003a64                Start_Self_Check_Timing()
 .text._Z25Stop_Status_Report_Timingv
                0x08003a80        0xc Private_Timer.cpp.o
                0x08003a80                Stop_Status_Report_Timing()
 .text._Z22Stop_Self_Check_Timingv
                0x08003a8c        0xc Private_Timer.cpp.o
                0x08003a8c                Stop_Self_Check_Timing()
 .text._ZN8TypeConv10Dec_To_HexEh
                0x08003a98       0x12 public.cpp.o
                0x08003a98                TypeConv::Dec_To_Hex(unsigned char)
 *fill*         0x08003aaa        0x2 
 .text._Z9MyDelayMsj
                0x08003aac       0x24 public.cpp.o
                0x08003aac                MyDelayMs(unsigned int)
 .text._ZN7Receipt25Receipt_Random_Wait_ValueEPm
                0x08003ad0       0x44 receipt.cpp.o
                0x08003ad0                Receipt::Receipt_Random_Wait_Value(unsigned long*)
 .text._ZN7Receipt11Print_DebugEPhh
                0x08003b14       0x34 receipt.cpp.o
                0x08003b14                Receipt::Print_Debug(unsigned char*, unsigned char)
 .text._ZN7Receipt24Report_General_ParameterEv
                0x08003b48      0x154 receipt.cpp.o
                0x08003b48                Receipt::Report_General_Parameter()
 .text._ZN7Receipt24Request_Set_Group_NumberEv
                0x08003c9c       0xdc receipt.cpp.o
                0x08003c9c                Receipt::Request_Set_Group_Number()
 .text._ZN7Receipt29Request_Device_SN_and_ChannelEv
                0x08003d78       0xdc receipt.cpp.o
                0x08003d78                Receipt::Request_Device_SN_and_Channel()
 .text._ZN7Receipt25Working_Parameter_ReceiptEbhhh
                0x08003e54      0x300 receipt.cpp.o
                0x08003e54                Receipt::Working_Parameter_Receipt(bool, unsigned char, unsigned char, unsigned char)
 .text._ZN7Receipt15General_ReceiptEhh
                0x08004154      0x13c receipt.cpp.o
                0x08004154                Receipt::General_Receipt(unsigned char, unsigned char)
 .text._ZN7Receipt23Control_command_ReceiptEhhhhh
                0x08004290      0x20c receipt.cpp.o
                0x08004290                Receipt::Control_command_Receipt(unsigned char, unsigned char, unsigned char, unsigned char, unsigned char)
 .text._ZN7Receipt19Output_init_ReceiptEhhhhPhi
                0x0800449c       0xe8 receipt.cpp.o
                0x0800449c                Receipt::Output_init_Receipt(unsigned char, unsigned char, unsigned char, unsigned char, unsigned char*, int)
 .text._Z20Check_LoRa_Parameterv
                0x08004584        0xc Security.cpp.o
                0x08004584                Check_LoRa_Parameter()
 .text._Z21Check_Store_Parameterv
                0x08004590       0xe4 Security.cpp.o
                0x08004590                Check_Store_Parameter()
 .text._Z26Check_Store_Param_And_LoRav
                0x08004674       0x38 Security.cpp.o
                0x08004674                Check_Store_Param_And_LoRa()
 .text._ZN12Modbus_Coils13Modbus_ConfigEv
                0x080046ac      0x35c Set_coil.cpp.o
                0x080046ac                Modbus_Coils::Modbus_Config()
 .text._ZN12Modbus_Coils18Modbus_RealizationEPhi
                0x08004a08      0x224 Set_coil.cpp.o
                0x08004a08                Modbus_Coils::Modbus_Realization(unsigned char*, int)
 .text._ZN12Modbus_Coils21Set_Coil_DefaultValueEv
                0x08004c2c       0xf4 Set_coil.cpp.o
                0x08004c2c                Modbus_Coils::Set_Coil_DefaultValue()
 .text._ZN12Modbus_Coils12Init_DO_1to8Eh
                0x08004d20      0xa28 Set_coil.cpp.o
                0x08004d20                Modbus_Coils::Init_DO_1to8(unsigned char)
 .text._ZN12Modbus_Coils13Init_DO_9to16Eh
                0x08005748      0x358 Set_coil.cpp.o
                0x08005748                Modbus_Coils::Init_DO_9to16(unsigned char)
 .text._ZN12Modbus_Coils18Set_Coil_InitValueEv
                0x08005aa0       0x64 Set_coil.cpp.o
                0x08005aa0                Modbus_Coils::Set_Coil_InitValue()
 .text._ZN12Modbus_Coils11Get_DI_1to8Ev
                0x08005b04       0xcc Set_coil.cpp.o
                0x08005b04                Modbus_Coils::Get_DI_1to8()
 .text._ZN12Modbus_Coils11Get_DO_1to8Ev
                0x08005bd0       0xcc Set_coil.cpp.o
                0x08005bd0                Modbus_Coils::Get_DO_1to8()
 .text._ZN12Modbus_Coils12Get_DO_9to16Ev
                0x08005c9c       0x94 Set_coil.cpp.o
                0x08005c9c                Modbus_Coils::Get_DO_9to16()
 .text._ZN12Modbus_Coils11Get_AI_1to8Ev
                0x08005d30       0x70 Set_coil.cpp.o
                0x08005d30                Modbus_Coils::Get_AI_1to8()
 .text.startup._GLOBAL__sub_I_Modbus_Coil
                0x08005da0        0xc Set_coil.cpp.o
 .text._Z7GetCrc8Phi
                0x08005dac       0x2e User_CRC8.cpp.o
                0x08005dac                GetCrc8(unsigned char*, int)
 .text._ZN7RTClockC2E11rtc_clk_srct
                0x08005dda       0x46 RTClock\RTClock.cpp.o
                0x08005dda                RTClock::RTClock(rtc_clk_src, unsigned short)
                0x08005dda                RTClock::RTClock(rtc_clk_src, unsigned short)
 .text._ZN7RTClockC2E11rtc_clk_src
                0x08005e20       0x12 RTClock\RTClock.cpp.o
                0x08005e20                RTClock::RTClock(rtc_clk_src)
                0x08005e20                RTClock::RTClock(rtc_clk_src)
 *fill*         0x08005e32        0x2 
 .text.rtc_wait_finished
                0x08005e34       0x1c RTClock\utility\rtc_util.c.o
 .text.rtc_wait_sync
                0x08005e50       0x1c RTClock\utility\rtc_util.c.o
 .text.rtc_clear_sync
                0x08005e6c       0x20 RTClock\utility\rtc_util.c.o
 .text.rtc_enter_config_mode
                0x08005e8c       0x20 RTClock\utility\rtc_util.c.o
 .text.rtc_exit_config_mode
                0x08005eac       0x20 RTClock\utility\rtc_util.c.o
 .text.rtc_init
                0x08005ecc       0xac RTClock\utility\rtc_util.c.o
                0x08005ecc                rtc_init
 .text.__irq_rtc
                0x08005f78       0x48 RTClock\utility\rtc_util.c.o
                0x08005f78                __irq_rtc
 .text.__irq_rtcalarm
                0x08005fc0       0x1c RTClock\utility\rtc_util.c.o
                0x08005fc0                __irq_rtcalarm
 .text.rtc_set_prescaler_load
                0x08005fdc       0x34 RTClock\utility\rtc_util.c.o
                0x08005fdc                rtc_set_prescaler_load
 .text.startup._GLOBAL__sub_I_PIN_MAP
                0x08006010       0x74 C:\Users\Administrator\AppData\Local\Temp\VMBCore\arduino16x\79f59199ad23b1693307dbc53bed82ea\variant\board.cpp.o
 .text._ZL18adc_default_configP7adc_dev
                0x08006084       0x1c C:\Users\Administrator\AppData\Local\Temp\VMBCore\arduino16x\79f59199ad23b1693307dbc53bed82ea\variant\boards.cpp.o
 .text._ZL20timer_default_configP9timer_dev
                0x080060a0       0x9e C:\Users\Administrator\AppData\Local\Temp\VMBCore\arduino16x\79f59199ad23b1693307dbc53bed82ea\variant\boards.cpp.o
 .text._Z9boardInitv
                0x0800613e        0x2 C:\Users\Administrator\AppData\Local\Temp\VMBCore\arduino16x\79f59199ad23b1693307dbc53bed82ea\variant\boards.cpp.o
                0x0800613e                boardInit()
 .text._Z4initv
                0x08006140       0xbc C:\Users\Administrator\AppData\Local\Temp\VMBCore\arduino16x\79f59199ad23b1693307dbc53bed82ea\variant\boards.cpp.o
                0x08006140                init()
 .text._ZN6wirish4priv15board_reset_pllEv
                0x080061fc        0x2 C:\Users\Administrator\AppData\Local\Temp\VMBCore\arduino16x\79f59199ad23b1693307dbc53bed82ea\variant\boards_setup.cpp.o
                0x080061fc                wirish::priv::board_reset_pll()
 .text._ZN6wirish4priv28board_setup_clock_prescalersEv
                0x080061fe       0x2e C:\Users\Administrator\AppData\Local\Temp\VMBCore\arduino16x\79f59199ad23b1693307dbc53bed82ea\variant\boards_setup.cpp.o
                0x080061fe                wirish::priv::board_setup_clock_prescalers()
 .text._ZN6wirish4priv16board_setup_gpioEv
                0x0800622c        0x4 C:\Users\Administrator\AppData\Local\Temp\VMBCore\arduino16x\79f59199ad23b1693307dbc53bed82ea\variant\boards_setup.cpp.o
                0x0800622c                wirish::priv::board_setup_gpio()
 .text._ZN6wirish4priv15board_setup_usbEv
                0x08006230        0x2 C:\Users\Administrator\AppData\Local\Temp\VMBCore\arduino16x\79f59199ad23b1693307dbc53bed82ea\variant\boards_setup.cpp.o
                0x08006230                wirish::priv::board_setup_usb()
 .text._ZN6wirish4priv11series_initEv
                0x08006232        0x4 C:\Users\Administrator\AppData\Local\Temp\VMBCore\arduino16x\79f59199ad23b1693307dbc53bed82ea\variant\boards_setup.cpp.o
                0x08006232                wirish::priv::series_init()
 *fill*         0x08006236        0x2 
 .text          0x08006238       0x10 C:\Users\Administrator\AppData\Local\Temp\VMBCore\arduino16x\79f59199ad23b1693307dbc53bed82ea\variant\start.S.o
                0x08006238                __start__
 .text.start_c  0x08006248       0x64 C:\Users\Administrator\AppData\Local\Temp\VMBCore\arduino16x\79f59199ad23b1693307dbc53bed82ea\variant\start_c.c.o
                0x08006248                start_c
 .text._sbrk    0x080062ac       0x44 C:\Users\Administrator\AppData\Local\Temp\VMBCore\arduino16x\79f59199ad23b1693307dbc53bed82ea\variant\syscalls.c.o
                0x080062ac                _sbrk
 .text._exit    0x080062f0        0x2 C:\Users\Administrator\AppData\Local\Temp\VMBCore\arduino16x\79f59199ad23b1693307dbc53bed82ea\variant\syscalls.c.o
                0x080062f0                _exit
 *fill*         0x080062f2        0xe 
 .text          0x08006300       0x60 C:\Users\Administrator\AppData\Local\Temp\VMBuilds\STM32_Modbus_controllerV1.0.1_alpha\stm32_genericSTM32F103R\Release/core.a(exc.S.o)
                0x08006300                __exc_nmi
                0x08006304                __exc_hardfault
                0x08006308                __exc_memmanage
                0x0800630c                __exc_busfault
                0x08006310                __exc_usagefault
 .text          0x08006360        0x2 C:\Users\Administrator\AppData\Local\Temp\VMBuilds\STM32_Modbus_controllerV1.0.1_alpha\stm32_genericSTM32F103R\Release/core.a(isrs.S.o)
                0x08006360                __stm32reservedexception9
                0x08006360                __irq_dma1_channel3
                0x08006360                __irq_i2c2_er
                0x08006360                __irq_i2c1_er
                0x08006360                __irq_sdio
                0x08006360                __irq_fsmc
                0x08006360                __irq_usb_lp_can_rx0
                0x08006360                __irq_dma1_channel6
                0x08006360                __exc_debug_monitor
                0x08006360                __irq_dma1_channel1
                0x08006360                __irq_dma2_channel2
                0x08006360                __exc_svc
                0x08006360                __irq_dma1_channel4
                0x08006360                __irq_dma1_channel7
                0x08006360                __irq_exti0
                0x08006360                __irq_can_rx1
                0x08006360                __irq_spi2
                0x08006360                __irq_can_sce
                0x08006360                __irq_exti2
                0x08006360                __irq_exti3
                0x08006360                __irq_exti9_5
                0x08006360                __irq_dma2_channel4_5
                0x08006360                __irq_pvd
                0x08006360                __irq_tamper
                0x08006360                __default_handler
                0x08006360                __irq_wwdg
                0x08006360                __stm32reservedexception10
                0x08006360                __irq_flash
                0x08006360                __irq_i2c2_ev
                0x08006360                __irq_dma1_channel2
                0x08006360                __irq_dma1_channel5
                0x08006360                __stm32reservedexception13
                0x08006360                __irq_spi1
                0x08006360                __stm32reservedexception7
                0x08006360                __irq_usb_hp_can_tx
                0x08006360                __irq_exti15_10
                0x08006360                __irq_exti4
                0x08006360                __irq_dma2_channel3
                0x08006360                __irq_spi3
                0x08006360                __stm32reservedexception8
                0x08006360                __irq_dma2_channel1
                0x08006360                __exc_pendsv
                0x08006360                __irq_i2c1_ev
                0x08006360                __irq_usbwakeup
                0x08006360                __irq_exti1
                0x08006360                __irq_rcc
 .text.adc_init
                0x08006362       0x14 C:\Users\Administrator\AppData\Local\Temp\VMBuilds\STM32_Modbus_controllerV1.0.1_alpha\stm32_genericSTM32F103R\Release/core.a(adc.c.o)
                0x08006362                adc_init
 .text.adc_set_extsel
                0x08006376       0x12 C:\Users\Administrator\AppData\Local\Temp\VMBuilds\STM32_Modbus_controllerV1.0.1_alpha\stm32_genericSTM32F103R\Release/core.a(adc.c.o)
                0x08006376                adc_set_extsel
 .text.adc_set_sample_rate
                0x08006388       0x30 C:\Users\Administrator\AppData\Local\Temp\VMBuilds\STM32_Modbus_controllerV1.0.1_alpha\stm32_genericSTM32F103R\Release/core.a(adc.c.o)
                0x08006388                adc_set_sample_rate
 .text.adc_read
                0x080063b8       0x20 C:\Users\Administrator\AppData\Local\Temp\VMBuilds\STM32_Modbus_controllerV1.0.1_alpha\stm32_genericSTM32F103R\Release/core.a(adc.c.o)
                0x080063b8                adc_read
 .text.__irq_adc
                0x080063d8       0x50 C:\Users\Administrator\AppData\Local\Temp\VMBuilds\STM32_Modbus_controllerV1.0.1_alpha\stm32_genericSTM32F103R\Release/core.a(adc_f1.c.o)
                0x080063d8                __irq_adc
 .text.__irq_adc3
                0x08006428       0x50 C:\Users\Administrator\AppData\Local\Temp\VMBuilds\STM32_Modbus_controllerV1.0.1_alpha\stm32_genericSTM32F103R\Release/core.a(adc_f1.c.o)
                0x08006428                __irq_adc3
 .text.adc_calibrate
                0x08006478       0x24 C:\Users\Administrator\AppData\Local\Temp\VMBuilds\STM32_Modbus_controllerV1.0.1_alpha\stm32_genericSTM32F103R\Release/core.a(adc_f1.c.o)
                0x08006478                adc_calibrate
 .text.adc_set_prescaler
                0x0800649c        0x8 C:\Users\Administrator\AppData\Local\Temp\VMBuilds\STM32_Modbus_controllerV1.0.1_alpha\stm32_genericSTM32F103R\Release/core.a(adc_f1.c.o)
                0x0800649c                adc_set_prescaler
 .text.adc_foreach
                0x080064a4       0x24 C:\Users\Administrator\AppData\Local\Temp\VMBuilds\STM32_Modbus_controllerV1.0.1_alpha\stm32_genericSTM32F103R\Release/core.a(adc_f1.c.o)
                0x080064a4                adc_foreach
 .text.adc_enable_single_swstart
                0x080064c8       0x36 C:\Users\Administrator\AppData\Local\Temp\VMBuilds\STM32_Modbus_controllerV1.0.1_alpha\stm32_genericSTM32F103R\Release/core.a(adc_f1.c.o)
                0x080064c8                adc_enable_single_swstart
 .text.bkp_init
                0x080064fe       0x18 C:\Users\Administrator\AppData\Local\Temp\VMBuilds\STM32_Modbus_controllerV1.0.1_alpha\stm32_genericSTM32F103R\Release/core.a(bkp_f1.c.o)
                0x080064fe                bkp_init
 *fill*         0x08006516        0x2 
 .text.bkp_enable_writes
                0x08006518        0xc C:\Users\Administrator\AppData\Local\Temp\VMBuilds\STM32_Modbus_controllerV1.0.1_alpha\stm32_genericSTM32F103R\Release/core.a(bkp_f1.c.o)
                0x08006518                bkp_enable_writes
 .text.flash_set_latency
                0x08006524       0x14 C:\Users\Administrator\AppData\Local\Temp\VMBuilds\STM32_Modbus_controllerV1.0.1_alpha\stm32_genericSTM32F103R\Release/core.a(flash.c.o)
                0x08006524                flash_set_latency
 .text.gpio_init_all
                0x08006538       0x4c C:\Users\Administrator\AppData\Local\Temp\VMBuilds\STM32_Modbus_controllerV1.0.1_alpha\stm32_genericSTM32F103R\Release/core.a(gpio_f1.c.o)
                0x08006538                gpio_init_all
 .text.gpio_set_mode
                0x08006584       0x50 C:\Users\Administrator\AppData\Local\Temp\VMBuilds\STM32_Modbus_controllerV1.0.1_alpha\stm32_genericSTM32F103R\Release/core.a(gpio_f1.c.o)
                0x08006584                gpio_set_mode
 .text.afio_init
                0x080065d4       0x12 C:\Users\Administrator\AppData\Local\Temp\VMBuilds\STM32_Modbus_controllerV1.0.1_alpha\stm32_genericSTM32F103R\Release/core.a(gpio_f1.c.o)
                0x080065d4                afio_init
 *fill*         0x080065e6        0x2 
 .text.iwdg_init
                0x080065e8       0x20 C:\Users\Administrator\AppData\Local\Temp\VMBuilds\STM32_Modbus_controllerV1.0.1_alpha\stm32_genericSTM32F103R\Release/core.a(iwdg.c.o)
                0x080065e8                iwdg_init
 .text.iwdg_feed
                0x08006608       0x10 C:\Users\Administrator\AppData\Local\Temp\VMBuilds\STM32_Modbus_controllerV1.0.1_alpha\stm32_genericSTM32F103R\Release/core.a(iwdg.c.o)
                0x08006608                iwdg_feed
 .text.nvic_irq_set_priority
                0x08006618       0x28 C:\Users\Administrator\AppData\Local\Temp\VMBuilds\STM32_Modbus_controllerV1.0.1_alpha\stm32_genericSTM32F103R\Release/core.a(nvic.c.o)
                0x08006618                nvic_irq_set_priority
 .text.nvic_init
                0x08006640       0x30 C:\Users\Administrator\AppData\Local\Temp\VMBuilds\STM32_Modbus_controllerV1.0.1_alpha\stm32_genericSTM32F103R\Release/core.a(nvic.c.o)
                0x08006640                nvic_init
 .text.nvic_sys_reset
                0x08006670       0x1c C:\Users\Administrator\AppData\Local\Temp\VMBuilds\STM32_Modbus_controllerV1.0.1_alpha\stm32_genericSTM32F103R\Release/core.a(nvic.c.o)
                0x08006670                nvic_sys_reset
 .text.rcc_dev_clk
                0x0800668c        0xc C:\Users\Administrator\AppData\Local\Temp\VMBuilds\STM32_Modbus_controllerV1.0.1_alpha\stm32_genericSTM32F103R\Release/core.a(rcc.c.o)
                0x0800668c                rcc_dev_clk
 .text.rcc_switch_sysclk
                0x08006698       0x20 C:\Users\Administrator\AppData\Local\Temp\VMBuilds\STM32_Modbus_controllerV1.0.1_alpha\stm32_genericSTM32F103R\Release/core.a(rcc.c.o)
                0x08006698                rcc_switch_sysclk
 .text.rcc_turn_on_clk
                0x080066b8       0x1a C:\Users\Administrator\AppData\Local\Temp\VMBuilds\STM32_Modbus_controllerV1.0.1_alpha\stm32_genericSTM32F103R\Release/core.a(rcc.c.o)
                0x080066b8                rcc_turn_on_clk
 .text.rcc_turn_off_clk
                0x080066d2       0x1c C:\Users\Administrator\AppData\Local\Temp\VMBuilds\STM32_Modbus_controllerV1.0.1_alpha\stm32_genericSTM32F103R\Release/core.a(rcc.c.o)
                0x080066d2                rcc_turn_off_clk
 .text.rcc_is_clk_ready
                0x080066ee       0x18 C:\Users\Administrator\AppData\Local\Temp\VMBuilds\STM32_Modbus_controllerV1.0.1_alpha\stm32_genericSTM32F103R\Release/core.a(rcc.c.o)
                0x080066ee                rcc_is_clk_ready
 *fill*         0x08006706        0x2 
 .text.rcc_configure_pll
                0x08006708       0x18 C:\Users\Administrator\AppData\Local\Temp\VMBuilds\STM32_Modbus_controllerV1.0.1_alpha\stm32_genericSTM32F103R\Release/core.a(rcc_f1.c.o)
                0x08006708                rcc_configure_pll
 .text.rcc_clk_enable
                0x08006720       0x30 C:\Users\Administrator\AppData\Local\Temp\VMBuilds\STM32_Modbus_controllerV1.0.1_alpha\stm32_genericSTM32F103R\Release/core.a(rcc_f1.c.o)
                0x08006720                rcc_clk_enable
 .text.rcc_reset_dev
                0x08006750       0x34 C:\Users\Administrator\AppData\Local\Temp\VMBuilds\STM32_Modbus_controllerV1.0.1_alpha\stm32_genericSTM32F103R\Release/core.a(rcc_f1.c.o)
                0x08006750                rcc_reset_dev
 .text.rcc_set_prescaler
                0x08006784       0x20 C:\Users\Administrator\AppData\Local\Temp\VMBuilds\STM32_Modbus_controllerV1.0.1_alpha\stm32_genericSTM32F103R\Release/core.a(rcc_f1.c.o)
                0x08006784                rcc_set_prescaler
 .text.rcc_clk_disable
                0x080067a4       0x30 C:\Users\Administrator\AppData\Local\Temp\VMBuilds\STM32_Modbus_controllerV1.0.1_alpha\stm32_genericSTM32F103R\Release/core.a(rcc_f1.c.o)
                0x080067a4                rcc_clk_disable
 .text.systick_init
                0x080067d4       0x10 C:\Users\Administrator\AppData\Local\Temp\VMBuilds\STM32_Modbus_controllerV1.0.1_alpha\stm32_genericSTM32F103R\Release/core.a(systick.c.o)
                0x080067d4                systick_init
 .text.__exc_systick
                0x080067e4       0x1c C:\Users\Administrator\AppData\Local\Temp\VMBuilds\STM32_Modbus_controllerV1.0.1_alpha\stm32_genericSTM32F103R\Release/core.a(systick.c.o)
                0x080067e4                __exc_systick
 .text.timer_oc_set_mode
                0x08006800       0x3a C:\Users\Administrator\AppData\Local\Temp\VMBuilds\STM32_Modbus_controllerV1.0.1_alpha\stm32_genericSTM32F103R\Release/core.a(timer.c.o)
 *fill*         0x0800683a        0x2 
 .text.timer_foreach
                0x0800683c       0x48 C:\Users\Administrator\AppData\Local\Temp\VMBuilds\STM32_Modbus_controllerV1.0.1_alpha\stm32_genericSTM32F103R\Release/core.a(timer.c.o)
                0x0800683c                timer_foreach
 .text.timer_init
                0x08006884       0x14 C:\Users\Administrator\AppData\Local\Temp\VMBuilds\STM32_Modbus_controllerV1.0.1_alpha\stm32_genericSTM32F103R\Release/core.a(timer.c.o)
                0x08006884                timer_init
 .text.timer_has_cc_channel
                0x08006898       0x30 C:\Users\Administrator\AppData\Local\Temp\VMBuilds\STM32_Modbus_controllerV1.0.1_alpha\stm32_genericSTM32F103R\Release/core.a(timer.c.o)
                0x08006898                timer_has_cc_channel
 .text.timer_attach_interrupt
                0x080068c8       0xc0 C:\Users\Administrator\AppData\Local\Temp\VMBuilds\STM32_Modbus_controllerV1.0.1_alpha\stm32_genericSTM32F103R\Release/core.a(timer.c.o)
                0x080068c8                timer_attach_interrupt
 .text.timer_detach_interrupt
                0x08006988       0x1e C:\Users\Administrator\AppData\Local\Temp\VMBuilds\STM32_Modbus_controllerV1.0.1_alpha\stm32_genericSTM32F103R\Release/core.a(timer.c.o)
                0x08006988                timer_detach_interrupt
 .text.timer_set_mode
                0x080069a6       0x86 C:\Users\Administrator\AppData\Local\Temp\VMBuilds\STM32_Modbus_controllerV1.0.1_alpha\stm32_genericSTM32F103R\Release/core.a(timer.c.o)
                0x080069a6                timer_set_mode
 .text.__irq_tim1_brk
                0x08006a2c       0x24 C:\Users\Administrator\AppData\Local\Temp\VMBuilds\STM32_Modbus_controllerV1.0.1_alpha\stm32_genericSTM32F103R\Release/core.a(timer.c.o)
                0x08006a2c                __irq_tim1_brk
 .text.__irq_tim1_up
                0x08006a50       0x24 C:\Users\Administrator\AppData\Local\Temp\VMBuilds\STM32_Modbus_controllerV1.0.1_alpha\stm32_genericSTM32F103R\Release/core.a(timer.c.o)
                0x08006a50                __irq_tim1_up
 .text.__irq_tim1_trg_com
                0x08006a74       0x38 C:\Users\Administrator\AppData\Local\Temp\VMBuilds\STM32_Modbus_controllerV1.0.1_alpha\stm32_genericSTM32F103R\Release/core.a(timer.c.o)
                0x08006a74                __irq_tim1_trg_com
 .text.__irq_tim1_cc
                0x08006aac       0x54 C:\Users\Administrator\AppData\Local\Temp\VMBuilds\STM32_Modbus_controllerV1.0.1_alpha\stm32_genericSTM32F103R\Release/core.a(timer.c.o)
                0x08006aac                __irq_tim1_cc
 .text.__irq_tim2
                0x08006b00       0x70 C:\Users\Administrator\AppData\Local\Temp\VMBuilds\STM32_Modbus_controllerV1.0.1_alpha\stm32_genericSTM32F103R\Release/core.a(timer.c.o)
                0x08006b00                __irq_tim2
 .text.__irq_tim3
                0x08006b70       0x70 C:\Users\Administrator\AppData\Local\Temp\VMBuilds\STM32_Modbus_controllerV1.0.1_alpha\stm32_genericSTM32F103R\Release/core.a(timer.c.o)
                0x08006b70                __irq_tim3
 .text.__irq_tim4
                0x08006be0       0x70 C:\Users\Administrator\AppData\Local\Temp\VMBuilds\STM32_Modbus_controllerV1.0.1_alpha\stm32_genericSTM32F103R\Release/core.a(timer.c.o)
                0x08006be0                __irq_tim4
 .text.__irq_tim5
                0x08006c50       0x70 C:\Users\Administrator\AppData\Local\Temp\VMBuilds\STM32_Modbus_controllerV1.0.1_alpha\stm32_genericSTM32F103R\Release/core.a(timer.c.o)
                0x08006c50                __irq_tim5
 .text.__irq_tim6
                0x08006cc0       0x24 C:\Users\Administrator\AppData\Local\Temp\VMBuilds\STM32_Modbus_controllerV1.0.1_alpha\stm32_genericSTM32F103R\Release/core.a(timer.c.o)
                0x08006cc0                __irq_tim6
 .text.__irq_tim7
                0x08006ce4       0x24 C:\Users\Administrator\AppData\Local\Temp\VMBuilds\STM32_Modbus_controllerV1.0.1_alpha\stm32_genericSTM32F103R\Release/core.a(timer.c.o)
                0x08006ce4                __irq_tim7
 .text.__irq_tim8_brk
                0x08006d08       0x24 C:\Users\Administrator\AppData\Local\Temp\VMBuilds\STM32_Modbus_controllerV1.0.1_alpha\stm32_genericSTM32F103R\Release/core.a(timer.c.o)
                0x08006d08                __irq_tim8_brk
 .text.__irq_tim8_up
                0x08006d2c       0x24 C:\Users\Administrator\AppData\Local\Temp\VMBuilds\STM32_Modbus_controllerV1.0.1_alpha\stm32_genericSTM32F103R\Release/core.a(timer.c.o)
                0x08006d2c                __irq_tim8_up
 .text.__irq_tim8_trg_com
                0x08006d50       0x38 C:\Users\Administrator\AppData\Local\Temp\VMBuilds\STM32_Modbus_controllerV1.0.1_alpha\stm32_genericSTM32F103R\Release/core.a(timer.c.o)
                0x08006d50                __irq_tim8_trg_com
 .text.__irq_tim8_cc
                0x08006d88       0x54 C:\Users\Administrator\AppData\Local\Temp\VMBuilds\STM32_Modbus_controllerV1.0.1_alpha\stm32_genericSTM32F103R\Release/core.a(timer.c.o)
                0x08006d88                __irq_tim8_cc
 .text.rb_remove
                0x08006ddc       0x24 C:\Users\Administrator\AppData\Local\Temp\VMBuilds\STM32_Modbus_controllerV1.0.1_alpha\stm32_genericSTM32F103R\Release/core.a(usart_f1.c.o)
 .text.rb_push_insert
                0x08006e00       0x52 C:\Users\Administrator\AppData\Local\Temp\VMBuilds\STM32_Modbus_controllerV1.0.1_alpha\stm32_genericSTM32F103R\Release/core.a(usart_f1.c.o)
 .text.usart_config_gpios_async
                0x08006e52       0x4a C:\Users\Administrator\AppData\Local\Temp\VMBuilds\STM32_Modbus_controllerV1.0.1_alpha\stm32_genericSTM32F103R\Release/core.a(usart_f1.c.o)
                0x08006e52                usart_config_gpios_async
 .text.usart_set_baud_rate
                0x08006e9c       0x3c C:\Users\Administrator\AppData\Local\Temp\VMBuilds\STM32_Modbus_controllerV1.0.1_alpha\stm32_genericSTM32F103R\Release/core.a(usart_f1.c.o)
                0x08006e9c                usart_set_baud_rate
 .text.__irq_usart1
                0x08006ed8       0x54 C:\Users\Administrator\AppData\Local\Temp\VMBuilds\STM32_Modbus_controllerV1.0.1_alpha\stm32_genericSTM32F103R\Release/core.a(usart_f1.c.o)
                0x08006ed8                __irq_usart1
 .text.__irq_usart2
                0x08006f2c       0x54 C:\Users\Administrator\AppData\Local\Temp\VMBuilds\STM32_Modbus_controllerV1.0.1_alpha\stm32_genericSTM32F103R\Release/core.a(usart_f1.c.o)
                0x08006f2c                __irq_usart2
 .text.__irq_usart3
                0x08006f80       0x54 C:\Users\Administrator\AppData\Local\Temp\VMBuilds\STM32_Modbus_controllerV1.0.1_alpha\stm32_genericSTM32F103R\Release/core.a(usart_f1.c.o)
                0x08006f80                __irq_usart3
 .text.__irq_uart4
                0x08006fd4       0x54 C:\Users\Administrator\AppData\Local\Temp\VMBuilds\STM32_Modbus_controllerV1.0.1_alpha\stm32_genericSTM32F103R\Release/core.a(usart_f1.c.o)
                0x08006fd4                __irq_uart4
 .text.__irq_uart5
                0x08007028       0x54 C:\Users\Administrator\AppData\Local\Temp\VMBuilds\STM32_Modbus_controllerV1.0.1_alpha\stm32_genericSTM32F103R\Release/core.a(usart_f1.c.o)
                0x08007028                __irq_uart5
 .text._usart_clock_freq
                0x0800707c       0x24 C:\Users\Administrator\AppData\Local\Temp\VMBuilds\STM32_Modbus_controllerV1.0.1_alpha\stm32_genericSTM32F103R\Release/core.a(usart_private.c.o)
                0x0800707c                _usart_clock_freq
 .text.throb    0x080070a0       0x4c C:\Users\Administrator\AppData\Local\Temp\VMBuilds\STM32_Modbus_controllerV1.0.1_alpha\stm32_genericSTM32F103R\Release/core.a(util.c.o)
                0x080070a0                throb
 .text.__error  0x080070ec       0x14 C:\Users\Administrator\AppData\Local\Temp\VMBuilds\STM32_Modbus_controllerV1.0.1_alpha\stm32_genericSTM32F103R\Release/core.a(util.c.o)
                0x080070ec                __error
 .text._ZN14HardwareSerial4readEv
                0x08007100       0x4e C:\Users\Administrator\AppData\Local\Temp\VMBuilds\STM32_Modbus_controllerV1.0.1_alpha\stm32_genericSTM32F103R\Release/core.a(HardwareSerial.cpp.o)
                0x08007100                HardwareSerial::read()
 .text._ZN14HardwareSerial4peekEv
                0x0800714e       0x22 C:\Users\Administrator\AppData\Local\Temp\VMBuilds\STM32_Modbus_controllerV1.0.1_alpha\stm32_genericSTM32F103R\Release/core.a(HardwareSerial.cpp.o)
                0x0800714e                HardwareSerial::peek()
 .text._ZN14HardwareSerial5flushEv
                0x08007170       0x1a C:\Users\Administrator\AppData\Local\Temp\VMBuilds\STM32_Modbus_controllerV1.0.1_alpha\stm32_genericSTM32F103R\Release/core.a(HardwareSerial.cpp.o)
                0x08007170                HardwareSerial::flush()
 .text._ZN14HardwareSerial5writeEh
                0x0800718a       0x1e C:\Users\Administrator\AppData\Local\Temp\VMBuilds\STM32_Modbus_controllerV1.0.1_alpha\stm32_genericSTM32F103R\Release/core.a(HardwareSerial.cpp.o)
                0x0800718a                HardwareSerial::write(unsigned char)
 .text._ZN14HardwareSerial9availableEv
                0x080071a8       0x26 C:\Users\Administrator\AppData\Local\Temp\VMBuilds\STM32_Modbus_controllerV1.0.1_alpha\stm32_genericSTM32F103R\Release/core.a(HardwareSerial.cpp.o)
                0x080071a8                HardwareSerial::available()
 *fill*         0x080071ce        0x2 
 .text._ZN14HardwareSerialC2EP9usart_devhh
                0x080071d0       0x1c C:\Users\Administrator\AppData\Local\Temp\VMBuilds\STM32_Modbus_controllerV1.0.1_alpha\stm32_genericSTM32F103R\Release/core.a(HardwareSerial.cpp.o)
                0x080071d0                HardwareSerial::HardwareSerial(usart_dev*, unsigned char, unsigned char)
                0x080071d0                HardwareSerial::HardwareSerial(usart_dev*, unsigned char, unsigned char)
 .text._ZN14HardwareSerial5beginEmh
                0x080071ec       0x78 C:\Users\Administrator\AppData\Local\Temp\VMBuilds\STM32_Modbus_controllerV1.0.1_alpha\stm32_genericSTM32F103R\Release/core.a(HardwareSerial.cpp.o)
                0x080071ec                HardwareSerial::begin(unsigned long, unsigned char)
 .text._ZN14HardwareSerial5beginEm
                0x08007264        0x6 C:\Users\Administrator\AppData\Local\Temp\VMBuilds\STM32_Modbus_controllerV1.0.1_alpha\stm32_genericSTM32F103R\Release/core.a(HardwareSerial.cpp.o)
                0x08007264                HardwareSerial::begin(unsigned long)
 .text._ZN14HardwareSerial3endEv
                0x0800726a        0x6 C:\Users\Administrator\AppData\Local\Temp\VMBuilds\STM32_Modbus_controllerV1.0.1_alpha\stm32_genericSTM32F103R\Release/core.a(HardwareSerial.cpp.o)
                0x0800726a                HardwareSerial::end()
 .text.set_this_dev
                0x08007270       0x1c C:\Users\Administrator\AppData\Local\Temp\VMBuilds\STM32_Modbus_controllerV1.0.1_alpha\stm32_genericSTM32F103R\Release/core.a(HardwareTimer.cpp.o)
 .text._ZN13HardwareTimerC2Eh
                0x0800728c       0x2c C:\Users\Administrator\AppData\Local\Temp\VMBuilds\STM32_Modbus_controllerV1.0.1_alpha\stm32_genericSTM32F103R\Release/core.a(HardwareTimer.cpp.o)
                0x0800728c                HardwareTimer::HardwareTimer(unsigned char)
                0x0800728c                HardwareTimer::HardwareTimer(unsigned char)
 .text._ZN13HardwareTimer5pauseEv
                0x080072b8       0x10 C:\Users\Administrator\AppData\Local\Temp\VMBuilds\STM32_Modbus_controllerV1.0.1_alpha\stm32_genericSTM32F103R\Release/core.a(HardwareTimer.cpp.o)
                0x080072b8                HardwareTimer::pause()
 .text._ZN13HardwareTimer6resumeEv
                0x080072c8       0x10 C:\Users\Administrator\AppData\Local\Temp\VMBuilds\STM32_Modbus_controllerV1.0.1_alpha\stm32_genericSTM32F103R\Release/core.a(HardwareTimer.cpp.o)
                0x080072c8                HardwareTimer::resume()
 .text._ZN13HardwareTimer17setPrescaleFactorEm
                0x080072d8        0xc C:\Users\Administrator\AppData\Local\Temp\VMBuilds\STM32_Modbus_controllerV1.0.1_alpha\stm32_genericSTM32F103R\Release/core.a(HardwareTimer.cpp.o)
                0x080072d8                HardwareTimer::setPrescaleFactor(unsigned long)
 .text._ZN13HardwareTimer8setCountEt
                0x080072e4       0x12 C:\Users\Administrator\AppData\Local\Temp\VMBuilds\STM32_Modbus_controllerV1.0.1_alpha\stm32_genericSTM32F103R\Release/core.a(HardwareTimer.cpp.o)
                0x080072e4                HardwareTimer::setCount(unsigned short)
 .text._ZN13HardwareTimer9setPeriodEm
                0x080072f6       0x3e C:\Users\Administrator\AppData\Local\Temp\VMBuilds\STM32_Modbus_controllerV1.0.1_alpha\stm32_genericSTM32F103R\Release/core.a(HardwareTimer.cpp.o)
                0x080072f6                HardwareTimer::setPeriod(unsigned long)
 .text._ZN13HardwareTimer15attachInterruptEiPFvvE
                0x08007334        0x8 C:\Users\Administrator\AppData\Local\Temp\VMBuilds\STM32_Modbus_controllerV1.0.1_alpha\stm32_genericSTM32F103R\Release/core.a(HardwareTimer.cpp.o)
                0x08007334                HardwareTimer::attachInterrupt(int, void (*)())
 .text.startup._GLOBAL__sub_I__ZN13HardwareTimerC2Eh
                0x0800733c       0x68 C:\Users\Administrator\AppData\Local\Temp\VMBuilds\STM32_Modbus_controllerV1.0.1_alpha\stm32_genericSTM32F103R\Release/core.a(HardwareTimer.cpp.o)
 .text.startup._Z7premainv
                0x080073a4        0x4 C:\Users\Administrator\AppData\Local\Temp\VMBuilds\STM32_Modbus_controllerV1.0.1_alpha\stm32_genericSTM32F103R\Release/core.a(main.cpp.o)
                0x080073a4                premain()
 .text.startup.main
                0x080073a8        0xc C:\Users\Administrator\AppData\Local\Temp\VMBuilds\STM32_Modbus_controllerV1.0.1_alpha\stm32_genericSTM32F103R\Release/core.a(main.cpp.o)
                0x080073a8                main
 .text._ZN5Print5writeEPKc
                0x080073b4       0x1c C:\Users\Administrator\AppData\Local\Temp\VMBuilds\STM32_Modbus_controllerV1.0.1_alpha\stm32_genericSTM32F103R\Release/core.a(Print.cpp.o)
                0x080073b4                Print::write(char const*)
 .text._ZN5Print5writeEPKvm
                0x080073d0       0x20 C:\Users\Administrator\AppData\Local\Temp\VMBuilds\STM32_Modbus_controllerV1.0.1_alpha\stm32_genericSTM32F103R\Release/core.a(Print.cpp.o)
                0x080073d0                Print::write(void const*, unsigned long)
 .text._ZN5Print5printERK6String
                0x080073f0       0x10 C:\Users\Administrator\AppData\Local\Temp\VMBuilds\STM32_Modbus_controllerV1.0.1_alpha\stm32_genericSTM32F103R\Release/core.a(Print.cpp.o)
                0x080073f0                Print::print(String const&)
 .text._ZN5Print5printEc
                0x08007400        0xa C:\Users\Administrator\AppData\Local\Temp\VMBuilds\STM32_Modbus_controllerV1.0.1_alpha\stm32_genericSTM32F103R\Release/core.a(Print.cpp.o)
                0x08007400                Print::print(char)
 .text._ZN5Print5printEPKc
                0x0800740a        0xa C:\Users\Administrator\AppData\Local\Temp\VMBuilds\STM32_Modbus_controllerV1.0.1_alpha\stm32_genericSTM32F103R\Release/core.a(Print.cpp.o)
                0x0800740a                Print::print(char const*)
 .text._ZN5Print7printlnEv
                0x08007414       0x18 C:\Users\Administrator\AppData\Local\Temp\VMBuilds\STM32_Modbus_controllerV1.0.1_alpha\stm32_genericSTM32F103R\Release/core.a(Print.cpp.o)
                0x08007414                Print::println()
 .text._ZN5Print7printlnERK6String
                0x0800742c       0x14 C:\Users\Administrator\AppData\Local\Temp\VMBuilds\STM32_Modbus_controllerV1.0.1_alpha\stm32_genericSTM32F103R\Release/core.a(Print.cpp.o)
                0x0800742c                Print::println(String const&)
 .text._ZN5Print7printlnEPKc
                0x08007440       0x14 C:\Users\Administrator\AppData\Local\Temp\VMBuilds\STM32_Modbus_controllerV1.0.1_alpha\stm32_genericSTM32F103R\Release/core.a(Print.cpp.o)
                0x08007440                Print::println(char const*)
 .text._ZN5Print11printNumberEyh
                0x08007454       0x84 C:\Users\Administrator\AppData\Local\Temp\VMBuilds\STM32_Modbus_controllerV1.0.1_alpha\stm32_genericSTM32F103R\Release/core.a(Print.cpp.o)
                0x08007454                Print::printNumber(unsigned long long, unsigned char)
 .text._ZN5Print5printEyi
                0x080074d8       0x1c C:\Users\Administrator\AppData\Local\Temp\VMBuilds\STM32_Modbus_controllerV1.0.1_alpha\stm32_genericSTM32F103R\Release/core.a(Print.cpp.o)
                0x080074d8                Print::print(unsigned long long, int)
 .text._ZN5Print5printEhi
                0x080074f4       0x12 C:\Users\Administrator\AppData\Local\Temp\VMBuilds\STM32_Modbus_controllerV1.0.1_alpha\stm32_genericSTM32F103R\Release/core.a(Print.cpp.o)
                0x080074f4                Print::print(unsigned char, int)
 .text._ZN5Print7printlnEhi
                0x08007506       0x14 C:\Users\Administrator\AppData\Local\Temp\VMBuilds\STM32_Modbus_controllerV1.0.1_alpha\stm32_genericSTM32F103R\Release/core.a(Print.cpp.o)
                0x08007506                Print::println(unsigned char, int)
 *fill*         0x0800751a        0x2 
 .text._Z10analogReadh
                0x0800751c       0x1c C:\Users\Administrator\AppData\Local\Temp\VMBuilds\STM32_Modbus_controllerV1.0.1_alpha\stm32_genericSTM32F103R\Release/core.a(wirish_analog.cpp.o)
                0x0800751c                analogRead(unsigned char)
 .text._Z11digitalReadh
                0x08007538       0x2c C:\Users\Administrator\AppData\Local\Temp\VMBuilds\STM32_Modbus_controllerV1.0.1_alpha\stm32_genericSTM32F103R\Release/core.a(wirish_digital.cpp.o)
                0x08007538                digitalRead(unsigned char)
 .text._Z12digitalWritehh
                0x08007564       0x2c C:\Users\Administrator\AppData\Local\Temp\VMBuilds\STM32_Modbus_controllerV1.0.1_alpha\stm32_genericSTM32F103R\Release/core.a(wirish_digital.cpp.o)
                0x08007564                digitalWrite(unsigned char, unsigned char)
 .text._Z6randoml
                0x08007590       0x16 C:\Users\Administrator\AppData\Local\Temp\VMBuilds\STM32_Modbus_controllerV1.0.1_alpha\stm32_genericSTM32F103R\Release/core.a(wirish_math.cpp.o)
                0x08007590                random(long)
 .text._Z6randomll
                0x080075a6       0x14 C:\Users\Administrator\AppData\Local\Temp\VMBuilds\STM32_Modbus_controllerV1.0.1_alpha\stm32_genericSTM32F103R\Release/core.a(wirish_math.cpp.o)
                0x080075a6                random(long, long)
 *fill*         0x080075ba        0x2 
 .text._Z5delaym
                0x080075bc       0x1c C:\Users\Administrator\AppData\Local\Temp\VMBuilds\STM32_Modbus_controllerV1.0.1_alpha\stm32_genericSTM32F103R\Release/core.a(wirish_time.cpp.o)
                0x080075bc                delay(unsigned long)
 .text._Z17delayMicrosecondsm
                0x080075d8        0xe C:\Users\Administrator\AppData\Local\Temp\VMBuilds\STM32_Modbus_controllerV1.0.1_alpha\stm32_genericSTM32F103R\Release/core.a(wirish_time.cpp.o)
                0x080075d8                delayMicroseconds(unsigned long)
 .text._ZNK6String14StringIfHelperEv
                0x080075e6        0x2 C:\Users\Administrator\AppData\Local\Temp\VMBuilds\STM32_Modbus_controllerV1.0.1_alpha\stm32_genericSTM32F103R\Release/core.a(WString.cpp.o)
                0x080075e6                String::StringIfHelper() const
 .text._ZN6StringD2Ev
                0x080075e8        0xe C:\Users\Administrator\AppData\Local\Temp\VMBuilds\STM32_Modbus_controllerV1.0.1_alpha\stm32_genericSTM32F103R\Release/core.a(WString.cpp.o)
                0x080075e8                String::~String()
                0x080075e8                String::~String()
 .text._ZN6String10invalidateEv
                0x080075f6       0x16 C:\Users\Administrator\AppData\Local\Temp\VMBuilds\STM32_Modbus_controllerV1.0.1_alpha\stm32_genericSTM32F103R\Release/core.a(WString.cpp.o)
                0x080075f6                String::invalidate()
 .text._ZN6String12changeBufferEj
                0x0800760c       0x18 C:\Users\Administrator\AppData\Local\Temp\VMBuilds\STM32_Modbus_controllerV1.0.1_alpha\stm32_genericSTM32F103R\Release/core.a(WString.cpp.o)
                0x0800760c                String::changeBuffer(unsigned int)
 .text._ZN6String7reserveEj
                0x08007624       0x22 C:\Users\Administrator\AppData\Local\Temp\VMBuilds\STM32_Modbus_controllerV1.0.1_alpha\stm32_genericSTM32F103R\Release/core.a(WString.cpp.o)
                0x08007624                String::reserve(unsigned int)
 .text._ZN6String4copyEPKcj
                0x08007646       0x26 C:\Users\Administrator\AppData\Local\Temp\VMBuilds\STM32_Modbus_controllerV1.0.1_alpha\stm32_genericSTM32F103R\Release/core.a(WString.cpp.o)
                0x08007646                String::copy(char const*, unsigned int)
 .text._ZN6StringC2EPKc
                0x0800766c       0x24 C:\Users\Administrator\AppData\Local\Temp\VMBuilds\STM32_Modbus_controllerV1.0.1_alpha\stm32_genericSTM32F103R\Release/core.a(WString.cpp.o)
                0x0800766c                String::String(char const*)
                0x0800766c                String::String(char const*)
 .text._ZN6String4moveERS_
                0x08007690       0x44 C:\Users\Administrator\AppData\Local\Temp\VMBuilds\STM32_Modbus_controllerV1.0.1_alpha\stm32_genericSTM32F103R\Release/core.a(WString.cpp.o)
                0x08007690                String::move(String&)
 .text._ZN6StringaSERKS_
                0x080076d4       0x1e C:\Users\Administrator\AppData\Local\Temp\VMBuilds\STM32_Modbus_controllerV1.0.1_alpha\stm32_genericSTM32F103R\Release/core.a(WString.cpp.o)
                0x080076d4                String::operator=(String const&)
 .text._ZN6StringC2ERKS_
                0x080076f2       0x14 C:\Users\Administrator\AppData\Local\Temp\VMBuilds\STM32_Modbus_controllerV1.0.1_alpha\stm32_genericSTM32F103R\Release/core.a(WString.cpp.o)
                0x080076f2                String::String(String const&)
                0x080076f2                String::String(String const&)
 .text._ZN6StringaSEOS_
                0x08007706       0x10 C:\Users\Administrator\AppData\Local\Temp\VMBuilds\STM32_Modbus_controllerV1.0.1_alpha\stm32_genericSTM32F103R\Release/core.a(WString.cpp.o)
                0x08007706                String::operator=(String&&)
 .text._ZN6StringaSEPKc
                0x08007716       0x22 C:\Users\Administrator\AppData\Local\Temp\VMBuilds\STM32_Modbus_controllerV1.0.1_alpha\stm32_genericSTM32F103R\Release/core.a(WString.cpp.o)
                0x08007716                String::operator=(char const*)
 .text._ZN6StringC2Ehh
                0x08007738       0x22 C:\Users\Administrator\AppData\Local\Temp\VMBuilds\STM32_Modbus_controllerV1.0.1_alpha\stm32_genericSTM32F103R\Release/core.a(WString.cpp.o)
                0x08007738                String::String(unsigned char, unsigned char)
                0x08007738                String::String(unsigned char, unsigned char)
 .text._ZN6StringC2Eih
                0x0800775a       0x24 C:\Users\Administrator\AppData\Local\Temp\VMBuilds\STM32_Modbus_controllerV1.0.1_alpha\stm32_genericSTM32F103R\Release/core.a(WString.cpp.o)
                0x0800775a                String::String(int, unsigned char)
                0x0800775a                String::String(int, unsigned char)
 .text._ZN6StringC2Ejh
                0x0800777e       0x24 C:\Users\Administrator\AppData\Local\Temp\VMBuilds\STM32_Modbus_controllerV1.0.1_alpha\stm32_genericSTM32F103R\Release/core.a(WString.cpp.o)
                0x0800777e                String::String(unsigned int, unsigned char)
                0x0800777e                String::String(unsigned int, unsigned char)
 .text._ZN6String6concatEPKcj
                0x080077a2       0x2e C:\Users\Administrator\AppData\Local\Temp\VMBuilds\STM32_Modbus_controllerV1.0.1_alpha\stm32_genericSTM32F103R\Release/core.a(WString.cpp.o)
                0x080077a2                String::concat(char const*, unsigned int)
 .text._ZN6String6concatERKS_
                0x080077d0        0xa C:\Users\Administrator\AppData\Local\Temp\VMBuilds\STM32_Modbus_controllerV1.0.1_alpha\stm32_genericSTM32F103R\Release/core.a(WString.cpp.o)
                0x080077d0                String::concat(String const&)
 .text._ZN6String6concatEc
                0x080077da       0x1a C:\Users\Administrator\AppData\Local\Temp\VMBuilds\STM32_Modbus_controllerV1.0.1_alpha\stm32_genericSTM32F103R\Release/core.a(WString.cpp.o)
                0x080077da                String::concat(char)
 .text._ZN6String6concatEh
                0x080077f4       0x22 C:\Users\Administrator\AppData\Local\Temp\VMBuilds\STM32_Modbus_controllerV1.0.1_alpha\stm32_genericSTM32F103R\Release/core.a(WString.cpp.o)
                0x080077f4                String::concat(unsigned char)
 .text._ZN6String6concatEi
                0x08007816       0x22 C:\Users\Administrator\AppData\Local\Temp\VMBuilds\STM32_Modbus_controllerV1.0.1_alpha\stm32_genericSTM32F103R\Release/core.a(WString.cpp.o)
                0x08007816                String::concat(int)
 .text._ZN6String6concatEj
                0x08007838       0x22 C:\Users\Administrator\AppData\Local\Temp\VMBuilds\STM32_Modbus_controllerV1.0.1_alpha\stm32_genericSTM32F103R\Release/core.a(WString.cpp.o)
                0x08007838                String::concat(unsigned int)
 .text._ZN6String6concatEm
                0x0800785a       0x22 C:\Users\Administrator\AppData\Local\Temp\VMBuilds\STM32_Modbus_controllerV1.0.1_alpha\stm32_genericSTM32F103R\Release/core.a(WString.cpp.o)
                0x0800785a                String::concat(unsigned long)
 .text._ZplRK15StringSumHelperRK6String
                0x0800787c       0x1a C:\Users\Administrator\AppData\Local\Temp\VMBuilds\STM32_Modbus_controllerV1.0.1_alpha\stm32_genericSTM32F103R\Release/core.a(WString.cpp.o)
                0x0800787c                operator+(StringSumHelper const&, String const&)
 .text._ZplRK15StringSumHelperPKc
                0x08007896       0x24 C:\Users\Administrator\AppData\Local\Temp\VMBuilds\STM32_Modbus_controllerV1.0.1_alpha\stm32_genericSTM32F103R\Release/core.a(WString.cpp.o)
                0x08007896                operator+(StringSumHelper const&, char const*)
 .text._ZplRK15StringSumHelperh
                0x080078ba       0x14 C:\Users\Administrator\AppData\Local\Temp\VMBuilds\STM32_Modbus_controllerV1.0.1_alpha\stm32_genericSTM32F103R\Release/core.a(WString.cpp.o)
                0x080078ba                operator+(StringSumHelper const&, unsigned char)
 .text._ZplRK15StringSumHelperi
                0x080078ce       0x14 C:\Users\Administrator\AppData\Local\Temp\VMBuilds\STM32_Modbus_controllerV1.0.1_alpha\stm32_genericSTM32F103R\Release/core.a(WString.cpp.o)
                0x080078ce                operator+(StringSumHelper const&, int)
 .text._ZplRK15StringSumHelperj
                0x080078e2       0x14 C:\Users\Administrator\AppData\Local\Temp\VMBuilds\STM32_Modbus_controllerV1.0.1_alpha\stm32_genericSTM32F103R\Release/core.a(WString.cpp.o)
                0x080078e2                operator+(StringSumHelper const&, unsigned int)
 .text._ZplRK15StringSumHelperm
                0x080078f6       0x14 C:\Users\Administrator\AppData\Local\Temp\VMBuilds\STM32_Modbus_controllerV1.0.1_alpha\stm32_genericSTM32F103R\Release/core.a(WString.cpp.o)
                0x080078f6                operator+(StringSumHelper const&, unsigned long)
 .text._ZNK6String9compareToERKS_
                0x0800790a       0x2c C:\Users\Administrator\AppData\Local\Temp\VMBuilds\STM32_Modbus_controllerV1.0.1_alpha\stm32_genericSTM32F103R\Release/core.a(WString.cpp.o)
                0x0800790a                String::compareTo(String const&) const
 .text._ZNK6String6equalsERKS_
                0x08007936       0x1c C:\Users\Administrator\AppData\Local\Temp\VMBuilds\STM32_Modbus_controllerV1.0.1_alpha\stm32_genericSTM32F103R\Release/core.a(WString.cpp.o)
                0x08007936                String::equals(String const&) const
 .text._ZNK6StringgtERKS_
                0x08007952       0x10 C:\Users\Administrator\AppData\Local\Temp\VMBuilds\STM32_Modbus_controllerV1.0.1_alpha\stm32_genericSTM32F103R\Release/core.a(WString.cpp.o)
                0x08007952                String::operator>(String const&) const
 .text._ZNK6String7indexOfERKS_j
                0x08007962       0x1e C:\Users\Administrator\AppData\Local\Temp\VMBuilds\STM32_Modbus_controllerV1.0.1_alpha\stm32_genericSTM32F103R\Release/core.a(WString.cpp.o)
                0x08007962                String::indexOf(String const&, unsigned int) const
 .text._ZNK6String7indexOfERKS_
                0x08007980        0x6 C:\Users\Administrator\AppData\Local\Temp\VMBuilds\STM32_Modbus_controllerV1.0.1_alpha\stm32_genericSTM32F103R\Release/core.a(WString.cpp.o)
                0x08007980                String::indexOf(String const&) const
 *fill*         0x08007986        0x2 
 .text._ZNK6String9substringEjj
                0x08007988       0x4c C:\Users\Administrator\AppData\Local\Temp\VMBuilds\STM32_Modbus_controllerV1.0.1_alpha\stm32_genericSTM32F103R\Release/core.a(WString.cpp.o)
                0x08007988                String::substring(unsigned int, unsigned int) const
 .text._ZN6String11toUpperCaseEv
                0x080079d4       0x18 C:\Users\Administrator\AppData\Local\Temp\VMBuilds\STM32_Modbus_controllerV1.0.1_alpha\stm32_genericSTM32F103R\Release/core.a(WString.cpp.o)
                0x080079d4                String::toUpperCase()
 .text._ZNK6String5toIntEv
                0x080079ec        0xa C:\Users\Administrator\AppData\Local\Temp\VMBuilds\STM32_Modbus_controllerV1.0.1_alpha\stm32_genericSTM32F103R\Release/core.a(WString.cpp.o)
                0x080079ec                String::toInt() const
 *fill*         0x080079f6        0x2 
 .text._Z7pinModeh13WiringPinMode
                0x080079f8       0x84 C:\Users\Administrator\AppData\Local\Temp\VMBuilds\STM32_Modbus_controllerV1.0.1_alpha\stm32_genericSTM32F103R\Release/core.a(wirish_digital_f1.cpp.o)
                0x080079f8                pinMode(unsigned char, WiringPinMode)
 .text.__empty  0x08007a7c        0x2 C:\Users\Administrator\AppData\Local\Temp\VMBuilds\STM32_Modbus_controllerV1.0.1_alpha\stm32_genericSTM32F103R\Release/core.a(hooks.c.o)
                0x08007a7c                yield
 .text.ltoa     0x08007a7e       0x6e C:\Users\Administrator\AppData\Local\Temp\VMBuilds\STM32_Modbus_controllerV1.0.1_alpha\stm32_genericSTM32F103R\Release/core.a(itoa.c.o)
                0x08007a7e                ltoa
 .text.itoa     0x08007aec        0x4 C:\Users\Administrator\AppData\Local\Temp\VMBuilds\STM32_Modbus_controllerV1.0.1_alpha\stm32_genericSTM32F103R\Release/core.a(itoa.c.o)
                0x08007aec                itoa
 .text.ultoa    0x08007af0       0x52 C:\Users\Administrator\AppData\Local\Temp\VMBuilds\STM32_Modbus_controllerV1.0.1_alpha\stm32_genericSTM32F103R\Release/core.a(itoa.c.o)
                0x08007af0                ultoa
 .text.utoa     0x08007b42        0x4 C:\Users\Administrator\AppData\Local\Temp\VMBuilds\STM32_Modbus_controllerV1.0.1_alpha\stm32_genericSTM32F103R\Release/core.a(itoa.c.o)
                0x08007b42                utoa
 .text.gpio_init
                0x08007b46       0x14 C:\Users\Administrator\AppData\Local\Temp\VMBuilds\STM32_Modbus_controllerV1.0.1_alpha\stm32_genericSTM32F103R\Release/core.a(gpio.c.o)
                0x08007b46                gpio_init
 *fill*         0x08007b5a        0x2 
 .text.usart_init
                0x08007b5c       0x54 C:\Users\Administrator\AppData\Local\Temp\VMBuilds\STM32_Modbus_controllerV1.0.1_alpha\stm32_genericSTM32F103R\Release/core.a(usart.c.o)
                0x08007b5c                usart_init
 .text.usart_enable
                0x08007bb0       0x14 C:\Users\Administrator\AppData\Local\Temp\VMBuilds\STM32_Modbus_controllerV1.0.1_alpha\stm32_genericSTM32F103R\Release/core.a(usart.c.o)
                0x08007bb0                usart_enable
 .text.usart_disable
                0x08007bc4       0x38 C:\Users\Administrator\AppData\Local\Temp\VMBuilds\STM32_Modbus_controllerV1.0.1_alpha\stm32_genericSTM32F103R\Release/core.a(usart.c.o)
                0x08007bc4                usart_disable
 .text.usart_tx
                0x08007bfc       0x9c C:\Users\Administrator\AppData\Local\Temp\VMBuilds\STM32_Modbus_controllerV1.0.1_alpha\stm32_genericSTM32F103R\Release/core.a(usart.c.o)
                0x08007bfc                usart_tx
 .text.__aeabi_atexit
                0x08007c98        0xc c:/users/administrator/appdata/local/arduino15/packages/arduino/tools/arm-none-eabi-gcc/4.8.3-2014q1/bin/../lib/gcc/arm-none-eabi/4.8.3/../../../../arm-none-eabi/lib/armv7-m\libstdc++.a(atexit_arm.o)
                0x08007c98                __aeabi_atexit
 .text          0x08007ca4       0x2c c:/users/administrator/appdata/local/arduino15/packages/arduino/tools/arm-none-eabi-gcc/4.8.3-2014q1/bin/../lib/gcc/arm-none-eabi/4.8.3/armv7-m\libgcc.a(_aeabi_uldivmod.o)
                0x08007ca4                __aeabi_uldivmod
 .text          0x08007cd0       0x60 c:/users/administrator/appdata/local/arduino15/packages/arduino/tools/arm-none-eabi-gcc/4.8.3-2014q1/bin/../lib/gcc/arm-none-eabi/4.8.3/armv7-m\libgcc.a(bpabi.o)
                0x08007cd0                __gnu_ldivmod_helper
                0x08007d00                __gnu_uldivmod_helper
 .text          0x08007d30        0x4 c:/users/administrator/appdata/local/arduino15/packages/arduino/tools/arm-none-eabi-gcc/4.8.3-2014q1/bin/../lib/gcc/arm-none-eabi/4.8.3/armv7-m\libgcc.a(_dvmd_tls.o)
                0x08007d30                __aeabi_idiv0
                0x08007d30                __aeabi_ldiv0
 .text          0x08007d34      0x2a0 c:/users/administrator/appdata/local/arduino15/packages/arduino/tools/arm-none-eabi-gcc/4.8.3-2014q1/bin/../lib/gcc/arm-none-eabi/4.8.3/armv7-m\libgcc.a(_divdi3.o)
                0x08007d34                __divdi3
 .text          0x08007fd4      0x290 c:/users/administrator/appdata/local/arduino15/packages/arduino/tools/arm-none-eabi-gcc/4.8.3-2014q1/bin/../lib/gcc/arm-none-eabi/4.8.3/armv7-m\libgcc.a(_udivdi3.o)
                0x08007fd4                __udivdi3
 .text.atol     0x08008264        0x8 c:/users/administrator/appdata/local/arduino15/packages/arduino/tools/arm-none-eabi-gcc/4.8.3-2014q1/bin/../lib/gcc/arm-none-eabi/4.8.3/../../../../arm-none-eabi/lib/armv7-m\libc.a(lib_a-atol.o)
                0x08008264                atol
 .text.__cxa_atexit
                0x0800826c       0x14 c:/users/administrator/appdata/local/arduino15/packages/arduino/tools/arm-none-eabi-gcc/4.8.3-2014q1/bin/../lib/gcc/arm-none-eabi/4.8.3/../../../../arm-none-eabi/lib/armv7-m\libc.a(lib_a-cxa_atexit.o)
                0x0800826c                __cxa_atexit
 .text.__errno  0x08008280        0xc c:/users/administrator/appdata/local/arduino15/packages/arduino/tools/arm-none-eabi-gcc/4.8.3-2014q1/bin/../lib/gcc/arm-none-eabi/4.8.3/../../../../arm-none-eabi/lib/armv7-m\libc.a(lib_a-errno.o)
                0x08008280                __errno
 .text.exit     0x0800828c       0x20 c:/users/administrator/appdata/local/arduino15/packages/arduino/tools/arm-none-eabi-gcc/4.8.3-2014q1/bin/../lib/gcc/arm-none-eabi/4.8.3/../../../../arm-none-eabi/lib/armv7-m\libc.a(lib_a-exit.o)
                0x0800828c                exit
 .text.__libc_init_array
                0x080082ac       0x50 c:/users/administrator/appdata/local/arduino15/packages/arduino/tools/arm-none-eabi-gcc/4.8.3-2014q1/bin/../lib/gcc/arm-none-eabi/4.8.3/../../../../arm-none-eabi/lib/armv7-m\libc.a(lib_a-init.o)
                0x080082ac                __libc_init_array
 .text.malloc   0x080082fc       0x10 c:/users/administrator/appdata/local/arduino15/packages/arduino/tools/arm-none-eabi-gcc/4.8.3-2014q1/bin/../lib/gcc/arm-none-eabi/4.8.3/../../../../arm-none-eabi/lib/armv7-m\libc.a(lib_a-malloc.o)
                0x080082fc                malloc
 .text.free     0x0800830c       0x10 c:/users/administrator/appdata/local/arduino15/packages/arduino/tools/arm-none-eabi-gcc/4.8.3-2014q1/bin/../lib/gcc/arm-none-eabi/4.8.3/../../../../arm-none-eabi/lib/armv7-m\libc.a(lib_a-malloc.o)
                0x0800830c                free
 .text._malloc_r
                0x0800831c      0x538 c:/users/administrator/appdata/local/arduino15/packages/arduino/tools/arm-none-eabi-gcc/4.8.3-2014q1/bin/../lib/gcc/arm-none-eabi/4.8.3/../../../../arm-none-eabi/lib/armv7-m\libc.a(lib_a-mallocr.o)
                0x0800831c                _malloc_r
 .text.memmove  0x08008854       0xcc c:/users/administrator/appdata/local/arduino15/packages/arduino/tools/arm-none-eabi-gcc/4.8.3-2014q1/bin/../lib/gcc/arm-none-eabi/4.8.3/../../../../arm-none-eabi/lib/armv7-m\libc.a(lib_a-memmove.o)
                0x08008854                memmove
 .text.memset   0x08008920       0x94 c:/users/administrator/appdata/local/arduino15/packages/arduino/tools/arm-none-eabi-gcc/4.8.3-2014q1/bin/../lib/gcc/arm-none-eabi/4.8.3/../../../../arm-none-eabi/lib/armv7-m\libc.a(lib_a-memset.o)
                0x08008920                memset
 .text.__malloc_lock
                0x080089b4        0x4 c:/users/administrator/appdata/local/arduino15/packages/arduino/tools/arm-none-eabi-gcc/4.8.3-2014q1/bin/../lib/gcc/arm-none-eabi/4.8.3/../../../../arm-none-eabi/lib/armv7-m\libc.a(lib_a-mlock.o)
                0x080089b4                __malloc_lock
 .text.__malloc_unlock
                0x080089b8        0x4 c:/users/administrator/appdata/local/arduino15/packages/arduino/tools/arm-none-eabi-gcc/4.8.3-2014q1/bin/../lib/gcc/arm-none-eabi/4.8.3/../../../../arm-none-eabi/lib/armv7-m\libc.a(lib_a-mlock.o)
                0x080089b8                __malloc_unlock
 .text.rand     0x080089bc       0x40 c:/users/administrator/appdata/local/arduino15/packages/arduino/tools/arm-none-eabi-gcc/4.8.3-2014q1/bin/../lib/gcc/arm-none-eabi/4.8.3/../../../../arm-none-eabi/lib/armv7-m\libc.a(lib_a-rand.o)
                0x080089bc                rand
 .text.realloc  0x080089fc       0x10 c:/users/administrator/appdata/local/arduino15/packages/arduino/tools/arm-none-eabi-gcc/4.8.3-2014q1/bin/../lib/gcc/arm-none-eabi/4.8.3/../../../../arm-none-eabi/lib/armv7-m\libc.a(lib_a-realloc.o)
                0x080089fc                realloc
 .text._realloc_r
                0x08008a0c      0x3c0 c:/users/administrator/appdata/local/arduino15/packages/arduino/tools/arm-none-eabi-gcc/4.8.3-2014q1/bin/../lib/gcc/arm-none-eabi/4.8.3/../../../../arm-none-eabi/lib/armv7-m\libc.a(lib_a-reallocr.o)
                0x08008a0c                _realloc_r
 .text._sbrk_r  0x08008dcc       0x24 c:/users/administrator/appdata/local/arduino15/packages/arduino/tools/arm-none-eabi-gcc/4.8.3-2014q1/bin/../lib/gcc/arm-none-eabi/4.8.3/../../../../arm-none-eabi/lib/armv7-m\libc.a(lib_a-sbrkr.o)
                0x08008dcc                _sbrk_r
 .text.strchr   0x08008df0       0xf4 c:/users/administrator/appdata/local/arduino15/packages/arduino/tools/arm-none-eabi-gcc/4.8.3-2014q1/bin/../lib/gcc/arm-none-eabi/4.8.3/../../../../arm-none-eabi/lib/armv7-m\libc.a(lib_a-strchr.o)
                0x08008df0                strchr
 .text          0x08008ee4      0x23c c:/users/administrator/appdata/local/arduino15/packages/arduino/tools/arm-none-eabi-gcc/4.8.3-2014q1/bin/../lib/gcc/arm-none-eabi/4.8.3/../../../../arm-none-eabi/lib/armv7-m\libc.a(lib_a-strcmp.o)
                0x08008ee4                strcmp
 .text.strcpy   0x08009120       0xbc c:/users/administrator/appdata/local/arduino15/packages/arduino/tools/arm-none-eabi-gcc/4.8.3-2014q1/bin/../lib/gcc/arm-none-eabi/4.8.3/../../../../arm-none-eabi/lib/armv7-m\libc.a(lib_a-strcpy.o)
                0x08009120                strcpy
 .text.strlen   0x080091dc       0x60 c:/users/administrator/appdata/local/arduino15/packages/arduino/tools/arm-none-eabi-gcc/4.8.3-2014q1/bin/../lib/gcc/arm-none-eabi/4.8.3/../../../../arm-none-eabi/lib/armv7-m\libc.a(lib_a-strlen.o)
                0x080091dc                strlen
 .text.critical_factorization
                0x0800923c       0xbc c:/users/administrator/appdata/local/arduino15/packages/arduino/tools/arm-none-eabi-gcc/4.8.3-2014q1/bin/../lib/gcc/arm-none-eabi/4.8.3/../../../../arm-none-eabi/lib/armv7-m\libc.a(lib_a-strstr.o)
 .text.two_way_long_needle
                0x080092f8      0x1ec c:/users/administrator/appdata/local/arduino15/packages/arduino/tools/arm-none-eabi-gcc/4.8.3-2014q1/bin/../lib/gcc/arm-none-eabi/4.8.3/../../../../arm-none-eabi/lib/armv7-m\libc.a(lib_a-strstr.o)
 .text.strstr   0x080094e4      0x200 c:/users/administrator/appdata/local/arduino15/packages/arduino/tools/arm-none-eabi-gcc/4.8.3-2014q1/bin/../lib/gcc/arm-none-eabi/4.8.3/../../../../arm-none-eabi/lib/armv7-m\libc.a(lib_a-strstr.o)
                0x080094e4                strstr
 .text._strtol_r
                0x080096e4      0x114 c:/users/administrator/appdata/local/arduino15/packages/arduino/tools/arm-none-eabi-gcc/4.8.3-2014q1/bin/../lib/gcc/arm-none-eabi/4.8.3/../../../../arm-none-eabi/lib/armv7-m\libc.a(lib_a-strtol.o)
                0x080096e4                _strtol_r
 .text.strtol   0x080097f8       0x18 c:/users/administrator/appdata/local/arduino15/packages/arduino/tools/arm-none-eabi-gcc/4.8.3-2014q1/bin/../lib/gcc/arm-none-eabi/4.8.3/../../../../arm-none-eabi/lib/armv7-m\libc.a(lib_a-strtol.o)
                0x080097f8                strtol